Microchip MPLAB XC8 Compiler V2.20

Linker command line:

-W-3 --edf=/opt/microchip/xc8/v2.20/pic/dat/en_msgs.txt -cn \
  -h+dist/default/production/v1.1.X.production.sym \
  --cmf=dist/default/production/v1.1.X.production.cmf -z -Q16F1789 \
  -o/tmp/xcXghPelg --defsym=__MPLAB_BUILD=1 \
  -Mdist/default/production/v1.1.X.production.map -E1 -ver=XC8 Compiler \
  --acfsm=1493 -ASTACK=020EBh-027EFh -pstack=STACK -ACODE=00h-07FFhx8 \
  -ASTRCODE=00h-03FFFh -ASTRING=00h-0FFhx64 -ACONST=00h-0FFhx64 \
  -AENTRY=00h-0FFhx64 -ACOMMON=070h-07Fh -ABANK0=020h-06Fh \
  -ABANK1=0A0h-0EFh -ABANK2=0120h-016Fh -ABANK3=01A0h-01EFh \
  -ABANK4=0220h-026Fh -ABANK5=02A0h-02EFh -ABANK6=0320h-036Fh \
  -ABANK7=03A0h-03EFh -ABANK8=0420h-046Fh -ABANK9=04A0h-04EFh \
  -ABANK10=0520h-056Fh -ABANK11=05A0h-05EFh -ABANK12=0620h-066Fh \
  -ABANK13=06A0h-06EFh -ABANK14=0720h-076Fh -ABANK15=07A0h-07EFh \
  -ABANK16=0820h-086Fh -ABANK17=08A0h-08EFh -ABANK18=0920h-096Fh \
  -ABANK19=09A0h-09EFh -ABANK20=0A20h-0A6Fh -ABANK21=0AA0h-0AEFh \
  -ABANK22=0B20h-0B6Fh -ABANK23=0BA0h-0BEFh -ABANK24=0C20h-0C6Fh \
  -ABANK25=0CA0h-0CBFh -ABIGRAM=02000h-027EFh \
  -ARAM=020h-06Fh,0A0h-0EFh,0120h-016Fh,01A0h-01EFh,0220h-026Fh,02A0h-02EFh,0320h-036Fh,03A0h-03EFh,0420h-046Fh,04A0h-04EFh,0520h-056Fh,05A0h-05EFh,0620h-066Fh,06A0h-06EFh,0720h-076Fh,07A0h-07EFh,0820h-086Fh,08A0h-08EFh,0920h-096Fh,09A0h-09EFh,0A20h-0A6Fh,0AA0h-0AEFh,0B20h-0B6Fh,0BA0h-0BEFh,0C20h-0C6Fh,0CA0h-0CBFh \
  -AABS1=020h-07Fh,0A0h-0EFh,0120h-016Fh,01A0h-01EFh,0220h-026Fh,02A0h-02EFh,0320h-036Fh,03A0h-03EFh,0420h-046Fh,04A0h-04EFh,0520h-056Fh,05A0h-05EFh,0620h-066Fh,06A0h-06EFh,0720h-076Fh,07A0h-07EFh,0820h-086Fh,08A0h-08EFh,0920h-096Fh,09A0h-09EFh,0A20h-0A6Fh,0AA0h-0AEFh,0B20h-0B6Fh,0BA0h-0BEFh,0C20h-0C6Fh,0CA0h-0CBFh \
  -ASFR0=00h-01Fh -ASFR1=080h-09Fh -ASFR2=0100h-011Fh -ASFR3=0180h-019Fh \
  -ASFR4=0200h-021Fh -ASFR5=0280h-029Fh -ASFR6=0300h-031Fh \
  -ASFR7=0380h-039Fh -ASFR8=0400h-041Fh -ASFR9=0480h-049Fh \
  -ASFR10=0500h-051Fh -ASFR11=0580h-059Fh -ASFR12=0600h-061Fh \
  -ASFR13=0680h-069Fh -ASFR14=0700h-071Fh -ASFR15=0780h-079Fh \
  -ASFR16=0800h-081Fh -ASFR17=0880h-089Fh -ASFR18=0900h-091Fh \
  -ASFR19=0980h-099Fh -ASFR20=0A00h-0A1Fh -ASFR21=0A80h-0A9Fh \
  -ASFR22=0B00h-0B1Fh -ASFR23=0B80h-0B9Fh -ASFR24=0C00h-0C1Fh \
  -ASFR25=0C80h-0C9Fh -ASFR26=0D00h-0D6Fh -ASFR27=0D80h-0DEFh \
  -ASFR28=0E00h-0E6Fh -ASFR29=0E80h-0EEFh -ASFR30=0F00h-0F6Fh \
  -ASFR31=0F80h-0FEFh -ACONFIG=08007h-08008h -DCONFIG=2 \
  -AIDLOC=08000h-08003h -DIDLOC=2 -preset_vec=00h,intentry,init,end_init \
  -ppowerup=CODE -pcinit=CODE -pfunctab=ENTRY -AEEDATA=00h-0FFh/0F000h \
  -peeprom_data=EEDATA -DEEDATA=2 -DCODE=2 -DSTRCODE=2 -DSTRING=2 -DCONST=2 \
  -DENTRY=2 -k /tmp/xcXicObNa.o dist/default/production/v1.1.X.production.o 

Object code version is 3.11

Machine type is 16F1789



                Name                               Link     Load   Length Selector   Space Scale
/tmp/xcXicObNa.o
                end_init                              2        2        2        0       0
                reset_vec                             0        0        2        0       0
                config                             8007     8007        2        0       4
dist/default/production/v1.1.X.production.o
                cinit                               7F3      7F3        D      FE6       0
                config                             8007     8007        2        0       4
                text35                              22E      22E       17      45C       0
                text34                              21D      21D       11      43A       0
                text33                              1BA      1BA        9      374       0
                text32                              2E1      2E1       29      5C2       0
                text31                              486      486       6C      90C       0
                text30                              4F2      4F2       96      9E4       0
                text29                              188      188        3      310       0
                text28                              376      376       4F      6EC       0
                text27                              1E2      1E2        D      3C4       0
                text26                              27B      27B       21      4F6       0
                text25                              25D      25D       1E      4BA       0
                text24                              3C5      3C5       5B      78A       0
                text23                              1A0      1A0        6      340       0
                text22                              1A6      1A6        6      34C       0
                text21                              1AC      1AC        6      358       0
                text20                              2BE      2BE       23      57C       0
                text19                              1B2      1B2        8      364       0
                text18                              33A      33A       3C      674       0
                text17                              1D6      1D6        C      3AC       0
                text16                              18B      18B        4      316       0
                text15                              20D      20D       10      41A       0
                text14                              18F      18F        4      31E       0
                text13                              1EF      1EF        F      3DE       0
                text12                              193      193        4      326       0
                text11                              1CC      1CC        A      398       0
                text10                              197      197        4      32E       0
                text9                               1FE      1FE        F      3FC       0
                text8                               30A      30A       30      614       0
                text7                               19B      19B        5      336       0
                text6                               245      245       18      48A       0
                text5                               1C3      1C3        9      386       0
                text4                               588      588       AC      B10       0
                text3                               420      420       66      840       0
                text2                               29C      29C       22      538       0
                text1                               634      634       B2      C68       0
                maintext                            6E6      6E6      10D      DCC       0
                cstackBANK0                          20       20       4E       20       1
                cstackCOMMON                         70       70        E       70       1
                cstackBANK1                          A0       A0       42       A0       1
                cstackBANK2                         120      120       44      120       1
                bssBANK2                            164      164        7      120       1
                bssBANK0                             6E       6E        1       20       1
                nvBANK1                              E2       E2        6       A0       1
                stringtext1                         800      800        4     1000       0

TOTAL           Name                               Link     Load   Length     Space
        CLASS   STACK          

        CLASS   CODE           
                end_init                              2        2        2         0
                cinit                               7F3      7F3        D         0
                reset_vec                             0        0        2         0
                text35                              22E      22E       17         0
                text34                              21D      21D       11         0
                text33                              1BA      1BA        9         0
                text32                              2E1      2E1       29         0
                text31                              486      486       6C         0
                text30                              4F2      4F2       96         0
                text29                              188      188        3         0
                text28                              376      376       4F         0
                text27                              1E2      1E2        D         0
                text26                              27B      27B       21         0
                text25                              25D      25D       1E         0
                text24                              3C5      3C5       5B         0
                text23                              1A0      1A0        6         0
                text22                              1A6      1A6        6         0
                text21                              1AC      1AC        6         0
                text20                              2BE      2BE       23         0
                text19                              1B2      1B2        8         0
                text18                              33A      33A       3C         0
                text17                              1D6      1D6        C         0
                text16                              18B      18B        4         0
                text15                              20D      20D       10         0
                text14                              18F      18F        4         0
                text13                              1EF      1EF        F         0
                text12                              193      193        4         0
                text11                              1CC      1CC        A         0
                text10                              197      197        4         0
                text9                               1FE      1FE        F         0
                text8                               30A      30A       30         0
                text7                               19B      19B        5         0
                text6                               245      245       18         0
                text5                               1C3      1C3        9         0
                text4                               588      588       AC         0
                text3                               420      420       66         0
                text2                               29C      29C       22         0
                text1                               634      634       B2         0
                maintext                            6E6      6E6      10D         0

        CLASS   STRCODE        
                stringtext1                         800      800        4         0

        CLASS   STRING         

        CLASS   CONST          

        CLASS   ENTRY          

        CLASS   COMMON         
                cstackCOMMON                         70       70        E         1

        CLASS   BANK0          
                cstackBANK0                          20       20       4E         1
                bssBANK0                             6E       6E        1         1

        CLASS   BANK1          
                cstackBANK1                          A0       A0       42         1
                nvBANK1                              E2       E2        6         1

        CLASS   BANK2          
                cstackBANK2                         120      120       44         1
                bssBANK2                            164      164        7         1

        CLASS   BANK3          

        CLASS   BANK4          

        CLASS   BANK5          

        CLASS   BANK6          

        CLASS   BANK7          

        CLASS   BANK8          

        CLASS   BANK9          

        CLASS   BANK10         

        CLASS   BANK11         

        CLASS   BANK12         

        CLASS   BANK13         

        CLASS   BANK14         

        CLASS   BANK15         

        CLASS   BANK16         

        CLASS   BANK17         

        CLASS   BANK18         

        CLASS   BANK19         

        CLASS   BANK20         

        CLASS   BANK21         

        CLASS   BANK22         

        CLASS   BANK23         

        CLASS   BANK24         

        CLASS   BANK25         

        CLASS   BIGRAM         

        CLASS   RAM            

        CLASS   ABS1           
                abs_s1                               7E       7E        2         1

        CLASS   SFR0           

        CLASS   SFR1           

        CLASS   SFR2           

        CLASS   SFR3           

        CLASS   SFR4           

        CLASS   SFR5           

        CLASS   SFR6           

        CLASS   SFR7           

        CLASS   SFR8           

        CLASS   SFR9           

        CLASS   SFR10          

        CLASS   SFR11          

        CLASS   SFR12          

        CLASS   SFR13          

        CLASS   SFR14          

        CLASS   SFR15          

        CLASS   SFR16          

        CLASS   SFR17          

        CLASS   SFR18          

        CLASS   SFR19          

        CLASS   SFR20          

        CLASS   SFR21          

        CLASS   SFR22          

        CLASS   SFR23          

        CLASS   SFR24          

        CLASS   SFR25          

        CLASS   SFR26          

        CLASS   SFR27          

        CLASS   SFR28          

        CLASS   SFR29          

        CLASS   SFR30          

        CLASS   SFR31          

        CLASS   CONFIG         
                config                             8007     8007        2         4

        CLASS   IDLOC          

        CLASS   EEDATA         

        CLASS   BANK31         

        CLASS   BANK30         

        CLASS   BANK29         

        CLASS   BANK28         

        CLASS   BANK27         

        CLASS   BANK26         



SEGMENTS        Name                           Load    Length   Top    Selector   Space  Class     Delta

                text9                          0001FE  00000F  00020D       3FC       0  CODE        2
                text17                         0001D6  00000C  0001E2       3AC       0  CODE        2
                text27                         0001E2  00000D  0001EF       3C4       0  CODE        2
                text13                         0001EF  00000F  0001FE       3DE       0  CODE        2
                text15                         00020D  000010  00021D       41A       0  CODE        2
                reset_vec                      000000  000004  000004         0       0  CODE        2
                text34                         00021D  000011  00022E       43A       0  CODE        2
                text11                         0001CC  00000A  0001D6       398       0  CODE        2
                text5                          0001C3  000009  0001CC       386       0  CODE        2
                text35                         00022E  000017  000245       45C       0  CODE        2
                text25                         00025D  00001E  00027B       4BA       0  CODE        2
                text6                          000245  000018  00025D       48A       0  CODE        2
                text33                         0001BA  000009  0001C3       374       0  CODE        2
                text21                         0001AC  000006  0001B2       358       0  CODE        2
                text22                         0001A6  000006  0001AC       34C       0  CODE        2
                text19                         0001B2  000008  0001BA       364       0  CODE        2
                text26                         00027B  000021  00029C       4F6       0  CODE        2
                text28                         000376  00004F  0003C5       6EC       0  CODE        2
                text18                         00033A  00003C  000376       674       0  CODE        2
                text20                         0002BE  000023  0002E1       57C       0  CODE        2
                text2                          00029C  000022  0002BE       538       0  CODE        2
                text32                         0002E1  000029  00030A       5C2       0  CODE        2
                text8                          00030A  000030  00033A       614       0  CODE        2
                text23                         0001A0  000006  0001A6       340       0  CODE        2
                text12                         000193  000004  000197       326       0  CODE        2
                text10                         000197  000004  00019B       32E       0  CODE        2
                text29                         000188  000003  00018B       310       0  CODE        2
                text14                         00018F  000004  000193       31E       0  CODE        2
                text16                         00018B  000004  00018F       316       0  CODE        2
                text7                          00019B  000005  0001A0       336       0  CODE        2
                stringtext1                    000800  000004  000804      1000       0  STRCODE     2
                cstackBANK1                    0000A0  000048  0000E8        A0       1  BANK1       1
                cinit                          0007F3  00000D  000800       FE6       0  CODE        2
                cstackBANK2                    000120  00004B  00016B       120       1  BANK2       1
                cstackCOMMON                   000070  00000E  00007E        70       1  COMMON      1
                cstackBANK0                    000020  00004F  00006F        20       1  BANK0       1
                text31                         000486  00006C  0004F2       90C       0  CODE        2
                text3                          000420  000066  000486       840       0  CODE        2
                text30                         0004F2  000096  000588       9E4       0  CODE        2
                text24                         0003C5  00005B  000420       78A       0  CODE        2
                maintext                       0006E6  00010D  0007F3       DCC       0  CODE        2
                text4                          000588  0000AC  000634       B10       0  CODE        2
                text1                          000634  0000B2  0006E6       C68       0  CODE        2


UNUSED ADDRESS RANGES

        Name                Unused          Largest block    Delta
        BANK0            0006F-0006F               1           1
        BANK1            000E8-000EF               8           1
        BANK10           00520-0056F              50           1
        BANK11           005A0-005EF              50           1
        BANK12           00620-0066F              50           1
        BANK13           006A0-006EF              50           1
        BANK14           00720-0076F              50           1
        BANK15           007A0-007EF              50           1
        BANK16           00820-0086F              50           1
        BANK17           008A0-008EF              50           1
        BANK18           00920-0096F              50           1
        BANK19           009A0-009EF              50           1
        BANK2            0016B-0016F               5           1
        BANK20           00A20-00A6F              50           1
        BANK21           00AA0-00AEF              50           1
        BANK22           00B20-00B6F              50           1
        BANK23           00BA0-00BEF              50           1
        BANK24           00C20-00C6F              50           1
        BANK25           00CA0-00CBF              20           1
        BANK3            001A0-001EF              50           1
        BANK4            00220-0026F              50           1
        BANK5            002A0-002EF              50           1
        BANK6            00320-0036F              50           1
        BANK7            003A0-003EF              50           1
        BANK8            00420-0046F              50           1
        BANK9            004A0-004EF              50           1
        BIGRAM           02000-027EF             7F0           1
        CODE             00004-00187             184           2
                         00804-03FFF             800
        CONST            00004-00187              FC           2
                         00804-03FFF             100
        EEDATA           0F000-0F0FF             100           2
        ENTRY            00004-00187              FC           2
                         00804-03FFF             100
        IDLOC            08000-08003               4           2
        RAM              0006F-0006F               1           1
                         000E8-000EF               8
                         0016B-0016F               5
                         001A0-001EF              50
                         00220-0026F              50
                         002A0-002EF              50
                         00320-0036F              50
                         003A0-003EF              50
                         00420-0046F              50
                         004A0-004EF              50
                         00520-0056F              50
                         005A0-005EF              50
                         00620-0066F              50
                         006A0-006EF              50
                         00720-0076F              50
                         007A0-007EF              50
                         00820-0086F              50
                         008A0-008EF              50
                         00920-0096F              50
                         009A0-009EF              50
                         00A20-00A6F              50
                         00AA0-00AEF              50
                         00B20-00B6F              50
                         00BA0-00BEF              50
                         00C20-00C6F              50
                         00CA0-00CBF              20
        SFR0             00000-0001F              20           1
        SFR1             00080-0009F              20           1
        SFR10            00500-0051F              20           1
        SFR11            00580-0059F              20           1
        SFR12            00600-0061F              20           1
        SFR13            00680-0069F              20           1
        SFR14            00700-0071F              20           1
        SFR15            00780-0079F              20           1
        SFR16            00800-0081F              20           1
        SFR17            00880-0089F              20           1
        SFR18            00900-0091F              20           1
        SFR19            00980-0099F              20           1
        SFR2             00100-0011F              20           1
        SFR20            00A00-00A1F              20           1
        SFR21            00A80-00A9F              20           1
        SFR22            00B00-00B1F              20           1
        SFR23            00B80-00B9F              20           1
        SFR24            00C00-00C1F              20           1
        SFR25            00C80-00C9F              20           1
        SFR26            00D00-00D6F              70           1
        SFR27            00D80-00DEF              70           1
        SFR28            00E00-00E6F              70           1
        SFR29            00E80-00EEF              70           1
        SFR3             00180-0019F              20           1
        SFR30            00F00-00F6F              70           1
        SFR31            00F80-00FEF              70           1
        SFR4             00200-0021F              20           1
        SFR5             00280-0029F              20           1
        SFR6             00300-0031F              20           1
        SFR7             00380-0039F              20           1
        SFR8             00400-0041F              20           1
        SFR9             00480-0049F              20           1
        STACK            020EB-027EF             705           1
        STRCODE          00004-00187             184           2
                         00804-03FFF            37FC
        STRING           00004-00187              FC           2
                         00804-03FFF             100

                                  Symbol Table

?_FLASH_Read                                   cstackCOMMON 00070
ClearArray@array                               cstackCOMMON 00070
ClearArray@i                                   cstackCOMMON 00074
DefineError@send_frame                         cstackCOMMON 00071
EUSART_SetErrorHandler@interruptHandler        cstackCOMMON 00070
EUSART_SetFramingErrorHandler@interruptHandler cstackCOMMON 00070
EUSART_SetOverrunErrorHandler@interruptHandler cstackCOMMON 00070
EUSART_Write@txData                            cstackCOMMON 00070
FLASH_Read@INR_state                           cstackCOMMON 00074
FLASH_Read@addr                                cstackCOMMON 00070
FLASH_Write@INR_state                          cstackCOMMON 00079
FLASH_Write@buffer                             cstackCOMMON 00070
FLASH_Write@i                                  cstackCOMMON 0007C
FLASH_Write@writeAddr                          cstackCOMMON 0007A
ReadBootloaderFlags@buf                        cstackBANK0  00020
ReadBootloaderFlags@dbyte                      cstackBANK0  00060
ReadBootloaderFlags@def_addr                   cstackBANK0  00062
ReadBootloaderFlags@i                          cstackBANK0  00064
ReadFromMem@dbyte                              cstackBANK0  00023
ReadFromMem@def_addr                           cstackBANK0  00020
ReadFromMem@i                                  cstackBANK0  00025
ReadFromMem@recv_frame                         cstackBANK0  00022
ReadFromMem@send_frame                         cstackCOMMON 00075
ReadFromSerialEEPROM@SPI1                      cstackBANK0  00060
ReadFromSerialEEPROM@buffer                    cstackBANK0  00020
ReadFromSerialEEPROM@i                         cstackBANK0  00062
ReadFromSerialEEPROM@recv_frame                cstackBANK0  00061
ReadFromSerialEEPROM@send_frame                cstackCOMMON 00076
SPI_ExchangeByte@data                          cstackCOMMON 00070
SPI_Open@spiUniqueConfiguration                cstackCOMMON 00073
SPI_ReadBlock@block                            cstackCOMMON 00074
SPI_ReadBlock@blockSize                        cstackCOMMON 00071
SPI_ReadBlock@data                             cstackCOMMON 00075
SPI_WriteBlock@block                           cstackCOMMON 00075
SPI_WriteBlock@blockSize                       cstackCOMMON 00071
SPI_WriteBlock@data                            cstackCOMMON 00074
UART_dataWrite@data_ptr                        cstackCOMMON 00073
UART_dataWrite@i                               cstackCOMMON 00074
UART_dataWrite@size                            cstackCOMMON 00071
UART_preamFound@byte                           cstackCOMMON 00071
WriteBootloaderFlags@buf                       cstackBANK0  00020
WriteBootloaderFlags@dbyte                     cstackBANK0  00066
WriteBootloaderFlags@def_addr                  cstackBANK0  00064
WriteBootloaderFlags@i                         cstackBANK0  00068
WriteToMem@recv_frame                          cstackBANK0  00021
WriteToMem@result                              cstackBANK0  00022
WriteToMem@send_frame                          cstackCOMMON 0007D
WriteToSerialEEPROM@SPI1                       cstackBANK0  00063
WriteToSerialEEPROM@buffer                     cstackBANK0  00020
WriteToSerialEEPROM@i                          cstackBANK0  00064
WriteToSerialEEPROM@recv_frame                 cstackBANK0  00065
WriteToSerialEEPROM@send_frame                 cstackCOMMON 00076
_ANSELA                                        (abs)        0018C
_ANSELB                                        (abs)        0018D
_ANSELC                                        (abs)        0018E
_ANSELD                                        (abs)        0018F
_ANSELE                                        (abs)        00190
_APFCON1                                       (abs)        0011D
_APFCON2                                       (abs)        0011C
_BAUD1CON                                      (abs)        0019F
_BLFlags                                       bssBANK2     00164
_BORCON                                        (abs)        00116
_ClearArray                                    text35       0022E
_DefineError                                   text34       0021D
_EEADRH                                        (abs)        00192
_EEADRL                                        (abs)        00191
_EECON1bits                                    (abs)        00195
_EECON2                                        (abs)        00196
_EEDATH                                        (abs)        00194
_EEDATL                                        (abs)        00193
_EUSART_DefaultErrorHandler                    (abs)        00000
_EUSART_DefaultFramingErrorHandler             (abs)        00000
_EUSART_DefaultOverrunErrorHandler             (abs)        00000
_EUSART_ErrorHandler                           nvBANK1      000E2
_EUSART_FramingErrorHandler                    nvBANK1      000E6
_EUSART_Initialize                             text20       002BE
_EUSART_OverrunErrorHandler                    nvBANK1      000E4
_EUSART_Read                                   text13       001EF
_EUSART_SetErrorHandler                        text23       001A0
_EUSART_SetFramingErrorHandler                 text22       001A6
_EUSART_SetOverrunErrorHandler                 text21       001AC
_EUSART_Write                                  text11       001CC
_EUSART_is_rx_ready                            text7        0019B
_EUSART_is_tx_done                             text10       00197
_EUSART_is_tx_ready                            text9        001FE
_EUSART_is_tx_ready$283                        cstackCOMMON 00070
_FLASH_Read                                    text32       002E1
_FLASH_Write                                   text4        00588
_INLVLA                                        (abs)        0038C
_INLVLB                                        (abs)        0038D
_INLVLC                                        (abs)        0038E
_INLVLD                                        (abs)        0038F
_INLVLE                                        (abs)        00390
_INTCONbits                                    (abs)        0000B
_KeyBLRequired                                 text33       001BA
_LATA                                          (abs)        0010C
_LATAbits                                      (abs)        0010C
_LATB                                          (abs)        0010D
_LATC                                          (abs)        0010E
_LATD                                          (abs)        0010F
_LATE                                          (abs)        00110
_LATEbits                                      (abs)        00110
_ODCONA                                        (abs)        0028C
_ODCONB                                        (abs)        0028D
_ODCONC                                        (abs)        0028E
_ODCOND                                        (abs)        0028F
_ODCONE                                        (abs)        00290
_OPTION_REGbits                                (abs)        00095
_OSCCON                                        (abs)        00099
_OSCILLATOR_Initialize                         text19       001B2
_OSCSTAT                                       (abs)        0009A
_OSCTUNE                                       (abs)        00098
_PIN_MANAGER_Initialize                        text18       0033A
_PIR1bits                                      (abs)        00011
_PORTBbits                                     (abs)        0000D
_RC1REG                                        (abs)        00199
_RC1STA                                        (abs)        0019D
_RC1STAbits                                    (abs)        0019D
_ReadBootloaderFlags                           text31       00486
_ReadFromMem                                   text30       004F2
_ReadFromSerialEEPROM                          text24       003C5
_SLRCONA                                       (abs)        0030C
_SLRCONB                                       (abs)        0030D
_SLRCONC                                       (abs)        0030E
_SLRCOND                                       (abs)        0030F
_SLRCONE                                       (abs)        00310
_SP1BRGH                                       (abs)        0019C
_SP1BRGL                                       (abs)        0019B
_SPI_Close                                     text29       00188
_SPI_ExchangeByte                              text27       001E2
_SPI_Initialize                                text17       001D6
_SPI_Open                                      text28       00376
_SPI_ReadBlock                                 text26       0027B
_SPI_WriteBlock                                text25       0025D
_SSP1ADD                                       (abs)        00212
_SSP1BUF                                       (abs)        00211
_SSP1CON1                                      (abs)        00215
_SSP1CON1bits                                  (abs)        00215
_SSP1CON2                                      (abs)        00216
_SSP1STAT                                      (abs)        00214
_SYSTEM_Initialize                             text15       0020D
_StartApp                                      text14       0018F
_TRISA                                         (abs)        0008C
_TRISB                                         (abs)        0008D
_TRISC                                         (abs)        0008E
_TRISCbits                                     (abs)        0008E
_TRISD                                         (abs)        0008F
_TRISE                                         (abs)        00090
_TX1REG                                        (abs)        0019A
_TX1STA                                        (abs)        0019E
_TX1STAbits                                    (abs)        0019E
_UART_byteRead                                 text12       00193
_UART_dataWrite                                text8        0030A
_UART_preamFound                               text6        00245
_UnlockFlashWrite                              text5        001C3
_WDTCON                                        (abs)        00097
_WDT_Initialize                                text16       0018B
_WPUA                                          (abs)        0020C
_WPUB                                          (abs)        0020D
_WPUC                                          (abs)        0020E
_WPUD                                          (abs)        0020F
_WPUE                                          (abs)        00210
_WriteBootloaderFlags                          text3        00420
_WriteToMem                                    text2        0029C
_WriteToSerialEEPROM                           text1        00634
__Habs1                                        abs1         00000
__Hbank0                                       bank0        00000
__Hbank1                                       bank1        00000
__Hbank10                                      bank10       00000
__Hbank11                                      bank11       00000
__Hbank12                                      bank12       00000
__Hbank13                                      bank13       00000
__Hbank14                                      bank14       00000
__Hbank15                                      bank15       00000
__Hbank16                                      bank16       00000
__Hbank17                                      bank17       00000
__Hbank18                                      bank18       00000
__Hbank19                                      bank19       00000
__Hbank2                                       bank2        00000
__Hbank20                                      bank20       00000
__Hbank21                                      bank21       00000
__Hbank22                                      bank22       00000
__Hbank23                                      bank23       00000
__Hbank24                                      bank24       00000
__Hbank25                                      bank25       00000
__Hbank26                                      bank26       00000
__Hbank27                                      bank27       00000
__Hbank28                                      bank28       00000
__Hbank29                                      bank29       00000
__Hbank3                                       bank3        00000
__Hbank30                                      bank30       00000
__Hbank31                                      bank31       00000
__Hbank4                                       bank4        00000
__Hbank5                                       bank5        00000
__Hbank6                                       bank6        00000
__Hbank7                                       bank7        00000
__Hbank8                                       bank8        00000
__Hbank9                                       bank9        00000
__Hbigram                                      bigram       00000
__HbssBANK0                                    bssBANK0     00000
__HbssBANK2                                    bssBANK2     00000
__Hcinit                                       cinit        00800
__Hclrtext                                     clrtext      00000
__Hcode                                        code         00000
__Hcommon                                      common       00000
__Hconfig                                      config       08009
__HcstackBANK0                                 cstackBANK0  00000
__HcstackBANK1                                 cstackBANK1  00000
__HcstackBANK2                                 cstackBANK2  00000
__HcstackCOMMON                                cstackCOMMON 00000
__Heeprom_data                                 eeprom_data  00000
__Hend_init                                    end_init     00004
__Hfunctab                                     functab      00000
__Hinit                                        init         00002
__Hintentry                                    intentry     00002
__Hmaintext                                    maintext     00000
__HnvBANK1                                     nvBANK1      00000
__Hpowerup                                     powerup      00000
__Hram                                         ram          00000
__Hreset_vec                                   reset_vec    00002
__Hsfr0                                        sfr0         00000
__Hsfr1                                        sfr1         00000
__Hsfr10                                       sfr10        00000
__Hsfr11                                       sfr11        00000
__Hsfr12                                       sfr12        00000
__Hsfr13                                       sfr13        00000
__Hsfr14                                       sfr14        00000
__Hsfr15                                       sfr15        00000
__Hsfr16                                       sfr16        00000
__Hsfr17                                       sfr17        00000
__Hsfr18                                       sfr18        00000
__Hsfr19                                       sfr19        00000
__Hsfr2                                        sfr2         00000
__Hsfr20                                       sfr20        00000
__Hsfr21                                       sfr21        00000
__Hsfr22                                       sfr22        00000
__Hsfr23                                       sfr23        00000
__Hsfr24                                       sfr24        00000
__Hsfr25                                       sfr25        00000
__Hsfr26                                       sfr26        00000
__Hsfr27                                       sfr27        00000
__Hsfr28                                       sfr28        00000
__Hsfr29                                       sfr29        00000
__Hsfr3                                        sfr3         00000
__Hsfr30                                       sfr30        00000
__Hsfr31                                       sfr31        00000
__Hsfr4                                        sfr4         00000
__Hsfr5                                        sfr5         00000
__Hsfr6                                        sfr6         00000
__Hsfr7                                        sfr7         00000
__Hsfr8                                        sfr8         00000
__Hsfr9                                        sfr9         00000
__Hspace_0                                     (abs)        00804
__Hspace_1                                     (abs)        0016B
__Hspace_2                                     (abs)        00000
__Hspace_3                                     (abs)        00000
__Hspace_4                                     (abs)        10010
__Hstack                                       stack        00000
__Hstrings                                     strings      00000
__Hstringtext1                                 stringtext1  00000
__Htext                                        text         00000
__Labs1                                        abs1         00000
__Lbank0                                       bank0        00000
__Lbank1                                       bank1        00000
__Lbank10                                      bank10       00000
__Lbank11                                      bank11       00000
__Lbank12                                      bank12       00000
__Lbank13                                      bank13       00000
__Lbank14                                      bank14       00000
__Lbank15                                      bank15       00000
__Lbank16                                      bank16       00000
__Lbank17                                      bank17       00000
__Lbank18                                      bank18       00000
__Lbank19                                      bank19       00000
__Lbank2                                       bank2        00000
__Lbank20                                      bank20       00000
__Lbank21                                      bank21       00000
__Lbank22                                      bank22       00000
__Lbank23                                      bank23       00000
__Lbank24                                      bank24       00000
__Lbank25                                      bank25       00000
__Lbank26                                      bank26       00000
__Lbank27                                      bank27       00000
__Lbank28                                      bank28       00000
__Lbank29                                      bank29       00000
__Lbank3                                       bank3        00000
__Lbank30                                      bank30       00000
__Lbank31                                      bank31       00000
__Lbank4                                       bank4        00000
__Lbank5                                       bank5        00000
__Lbank6                                       bank6        00000
__Lbank7                                       bank7        00000
__Lbank8                                       bank8        00000
__Lbank9                                       bank9        00000
__Lbigram                                      bigram       00000
__LbssBANK0                                    bssBANK0     00000
__LbssBANK2                                    bssBANK2     00000
__Lcinit                                       cinit        007F3
__Lclrtext                                     clrtext      00000
__Lcode                                        code         00000
__Lcommon                                      common       00000
__Lconfig                                      config       00000
__LcstackBANK0                                 cstackBANK0  00000
__LcstackBANK1                                 cstackBANK1  00000
__LcstackBANK2                                 cstackBANK2  00000
__LcstackCOMMON                                cstackCOMMON 00000
__Leeprom_data                                 eeprom_data  00000
__Lend_init                                    end_init     00002
__Lfunctab                                     functab      00000
__Linit                                        init         00002
__Lintentry                                    intentry     00002
__Lmaintext                                    maintext     00000
__LnvBANK1                                     nvBANK1      00000
__Lpowerup                                     powerup      00000
__Lram                                         ram          00000
__Lreset_vec                                   reset_vec    00000
__Lsfr0                                        sfr0         00000
__Lsfr1                                        sfr1         00000
__Lsfr10                                       sfr10        00000
__Lsfr11                                       sfr11        00000
__Lsfr12                                       sfr12        00000
__Lsfr13                                       sfr13        00000
__Lsfr14                                       sfr14        00000
__Lsfr15                                       sfr15        00000
__Lsfr16                                       sfr16        00000
__Lsfr17                                       sfr17        00000
__Lsfr18                                       sfr18        00000
__Lsfr19                                       sfr19        00000
__Lsfr2                                        sfr2         00000
__Lsfr20                                       sfr20        00000
__Lsfr21                                       sfr21        00000
__Lsfr22                                       sfr22        00000
__Lsfr23                                       sfr23        00000
__Lsfr24                                       sfr24        00000
__Lsfr25                                       sfr25        00000
__Lsfr26                                       sfr26        00000
__Lsfr27                                       sfr27        00000
__Lsfr28                                       sfr28        00000
__Lsfr29                                       sfr29        00000
__Lsfr3                                        sfr3         00000
__Lsfr30                                       sfr30        00000
__Lsfr31                                       sfr31        00000
__Lsfr4                                        sfr4         00000
__Lsfr5                                        sfr5         00000
__Lsfr6                                        sfr6         00000
__Lsfr7                                        sfr7         00000
__Lsfr8                                        sfr8         00000
__Lsfr9                                        sfr9         00000
__Lspace_0                                     (abs)        00000
__Lspace_1                                     (abs)        00000
__Lspace_2                                     (abs)        00000
__Lspace_3                                     (abs)        00000
__Lspace_4                                     (abs)        00000
__Lstack                                       stack        00000
__Lstrings                                     strings      00000
__Lstringtext1                                 stringtext1  00000
__Ltext                                        text         00000
__S0                                           (abs)        00804
__S1                                           (abs)        0016B
__S2                                           (abs)        00000
__S3                                           (abs)        00000
___int_sp                                      stack        00000
___latbits                                     (abs)        00003
___sp                                          stack        00000
___stackhi                                     (abs)        027EF
___stacklo                                     (abs)        020EB
__end_of_ClearArray                            text35       00245
__end_of_DefineError                           text34       0022E
__end_of_EUSART_Initialize                     text20       002E1
__end_of_EUSART_Read                           text13       001FE
__end_of_EUSART_SetErrorHandler                text23       001A6
__end_of_EUSART_SetFramingErrorHandler         text22       001AC
__end_of_EUSART_SetOverrunErrorHandler         text21       001B2
__end_of_EUSART_Write                          text11       001D6
__end_of_EUSART_is_rx_ready                    text7        001A0
__end_of_EUSART_is_tx_done                     text10       0019B
__end_of_EUSART_is_tx_ready                    text9        0020D
__end_of_FLASH_Read                            text32       0030A
__end_of_FLASH_Write                           text4        00634
__end_of_KeyBLRequired                         text33       001C3
__end_of_OSCILLATOR_Initialize                 text19       001BA
__end_of_PIN_MANAGER_Initialize                text18       00376
__end_of_ReadBootloaderFlags                   text31       004F2
__end_of_ReadFromMem                           text30       00588
__end_of_ReadFromSerialEEPROM                  text24       00420
__end_of_SPI_Close                             text29       0018B
__end_of_SPI_ExchangeByte                      text27       001EF
__end_of_SPI_Initialize                        text17       001E2
__end_of_SPI_Open                              text28       003C5
__end_of_SPI_ReadBlock                         text26       0029C
__end_of_SPI_WriteBlock                        text25       0027B
__end_of_SYSTEM_Initialize                     text15       0021D
__end_of_StartApp                              text14       00193
__end_of_UART_byteRead                         text12       00197
__end_of_UART_dataWrite                        text8        0033A
__end_of_UART_preamFound                       text6        0025D
__end_of_UnlockFlashWrite                      text5        001CC
__end_of_WDT_Initialize                        text16       0018F
__end_of_WriteBootloaderFlags                  text3        00486
__end_of_WriteToMem                            text2        002BE
__end_of_WriteToSerialEEPROM                   text1        006E6
__end_of__initialization                       cinit        007FD
__end_of_main                                  maintext     007F3
__end_of_spi_configuration                     stringtext1  00804
__initialization                               cinit        007F3
__pbssBANK0                                    bssBANK0     0006E
__pbssBANK2                                    bssBANK2     00164
__pcstackBANK0                                 cstackBANK0  00020
__pcstackBANK1                                 cstackBANK1  000A0
__pcstackBANK2                                 cstackBANK2  00120
__pcstackCOMMON                                cstackCOMMON 00070
__pmaintext                                    maintext     006E6
__pnvBANK1                                     nvBANK1      000E2
__pstringtext1                                 stringtext1  00800
__ptext1                                       text1        00634
__ptext10                                      text10       00197
__ptext11                                      text11       001CC
__ptext12                                      text12       00193
__ptext13                                      text13       001EF
__ptext14                                      text14       0018F
__ptext15                                      text15       0020D
__ptext16                                      text16       0018B
__ptext17                                      text17       001D6
__ptext18                                      text18       0033A
__ptext19                                      text19       001B2
__ptext2                                       text2        0029C
__ptext20                                      text20       002BE
__ptext21                                      text21       001AC
__ptext22                                      text22       001A6
__ptext23                                      text23       001A0
__ptext24                                      text24       003C5
__ptext25                                      text25       0025D
__ptext26                                      text26       0027B
__ptext27                                      text27       001E2
__ptext28                                      text28       00376
__ptext29                                      text29       00188
__ptext3                                       text3        00420
__ptext30                                      text30       004F2
__ptext31                                      text31       00486
__ptext32                                      text32       002E1
__ptext33                                      text33       001BA
__ptext34                                      text34       0021D
__ptext35                                      text35       0022E
__ptext4                                       text4        00588
__ptext5                                       text5        001C3
__ptext6                                       text6        00245
__ptext7                                       text7        0019B
__ptext8                                       text8        0030A
__ptext9                                       text9        001FE
__size_of_ClearArray                           (abs)        00000
__size_of_DefineError                          (abs)        00000
__size_of_EUSART_Initialize                    (abs)        00000
__size_of_EUSART_Read                          (abs)        00000
__size_of_EUSART_SetErrorHandler               (abs)        00000
__size_of_EUSART_SetFramingErrorHandler        (abs)        00000
__size_of_EUSART_SetOverrunErrorHandler        (abs)        00000
__size_of_EUSART_Write                         (abs)        00000
__size_of_EUSART_is_rx_ready                   (abs)        00000
__size_of_EUSART_is_tx_done                    (abs)        00000
__size_of_EUSART_is_tx_ready                   (abs)        00000
__size_of_FLASH_Read                           (abs)        00000
__size_of_FLASH_Write                          (abs)        00000
__size_of_KeyBLRequired                        (abs)        00000
__size_of_OSCILLATOR_Initialize                (abs)        00000
__size_of_PIN_MANAGER_Initialize               (abs)        00000
__size_of_ReadBootloaderFlags                  (abs)        00000
__size_of_ReadFromMem                          (abs)        00000
__size_of_ReadFromSerialEEPROM                 (abs)        00000
__size_of_SPI_Close                            (abs)        00000
__size_of_SPI_ExchangeByte                     (abs)        00000
__size_of_SPI_Initialize                       (abs)        00000
__size_of_SPI_Open                             (abs)        00000
__size_of_SPI_ReadBlock                        (abs)        00000
__size_of_SPI_WriteBlock                       (abs)        00000
__size_of_SYSTEM_Initialize                    (abs)        00000
__size_of_StartApp                             (abs)        00000
__size_of_UART_byteRead                        (abs)        00000
__size_of_UART_dataWrite                       (abs)        00000
__size_of_UART_preamFound                      (abs)        00000
__size_of_UnlockFlashWrite                     (abs)        00000
__size_of_WDT_Initialize                       (abs)        00000
__size_of_WriteBootloaderFlags                 (abs)        00000
__size_of_WriteToMem                           (abs)        00000
__size_of_WriteToSerialEEPROM                  (abs)        00000
__size_of_main                                 (abs)        00000
_eusartRxLastError                             bssBANK0     0006E
_main                                          maintext     006E6
_spi_configuration                             stringtext1  00800
btemp                                          (abs)        0007E
end_of_initialization                          cinit        007FD
intlevel0                                      functab      00000
intlevel1                                      functab      00000
intlevel2                                      functab      00000
intlevel3                                      functab      00000
intlevel4                                      functab      00000
intlevel5                                      functab      00000
main@i                                         cstackBANK0  0006C
main@processing_status                         cstackBANK0  0006D
main@recv_frame                                cstackBANK2  00120
main@send_frame                                cstackBANK1  000A0
reset_vec                                      reset_vec    00000
start                                          init         00002
start_initialization                           cinit        007F3
wtemp0                                         (abs)        0007E


FUNCTION INFORMATION:

 *************** function _main *****************
 Defined at:
		line 49 in file "main.c"
 Parameters:    Size  Location     Type
		None
 Auto vars:     Size  Location     Type
  recv_frame     68    0[BANK2 ] unsigned char [68]
  send_frame     66    0[BANK1 ] unsigned char [66]
  processing_s    1   77[BANK0 ] _Bool 
  i               1   76[BANK0 ] unsigned char 
  byte            1    0        unsigned char 
 Return value:  Size  Location     Type
                  1    wreg      void 
 Registers used:
		wreg, fsr0l, fsr0h, fsr1l, fsr1h, status,2, status,0, pclath, cstack
 Tracked objects:
		On entry : 
		On exit  : 
		Unchanged: 
 Data sizes:     COMMON   BANK0   BANK1   BANK2   BANK3   BANK4   BANK5   BANK6   BANK7   BANK8   BANK9  BANK10  BANK11  BANK12  BANK13  BANK14  BANK15  BANK16  BANK17  BANK18  BANK19  BANK20  BANK21  BANK22  BANK23  BANK24  BANK25
      Params:         0       0       0       0       0       0       0       0       0       0       0       0       0       0       0       0       0       0       0       0       0       0       0       0       0       0       0
      Locals:         0       3      66      68       0       0       0       0       0       0       0       0       0       0       0       0       0       0       0       0       0       0       0       0       0       0       0
      Temps:          0       2       0       0       0       0       0       0       0       0       0       0       0       0       0       0       0       0       0       0       0       0       0       0       0       0       0
      Totals:         0       5      66      68       0       0       0       0       0       0       0       0       0       0       0       0       0       0       0       0       0       0       0       0       0       0       0
Total ram usage:      139 bytes
 Hardware stack levels required when called:    3
 This function calls:
		_ClearArray
		_DefineError
		_KeyBLRequired
		_ReadBootloaderFlags
		_ReadFromMem
		_ReadFromSerialEEPROM
		_SYSTEM_Initialize
		_StartApp
		_UART_byteRead
		_UART_dataWrite
		_UART_preamFound
		_WriteBootloaderFlags
		_WriteToMem
		_WriteToSerialEEPROM
 This function is called by:
		Startup code after reset
 This function uses a non-reentrant model


 *************** function _WriteToSerialEEPROM *****************
 Defined at:
		line 30 in file "apps/src/eeprom_25lc512.c"
 Parameters:    Size  Location     Type
  recv_frame      1    wreg     PTR unsigned char 
		 -> main@recv_frame(68), 
  send_frame      1    6[COMMON] PTR unsigned char 
		 -> main@send_frame(66), 
 Auto vars:     Size  Location     Type
  recv_frame      1   69[BANK0 ] PTR unsigned char 
		 -> main@recv_frame(68), 
  buffer         67    0[BANK0 ] unsigned char [67]
  i               1   68[BANK0 ] unsigned char 
  SPI1            1   67[BANK0 ] enum E6331
 Return value:  Size  Location     Type
                  1    wreg      _Bool 
 Registers used:
		wreg, fsr0l, fsr0h, fsr1l, fsr1h, status,2, status,0, pclath, cstack
 Tracked objects:
		On entry : 
		On exit  : 
		Unchanged: 
 Data sizes:     COMMON   BANK0   BANK1   BANK2   BANK3   BANK4   BANK5   BANK6   BANK7   BANK8   BANK9  BANK10  BANK11  BANK12  BANK13  BANK14  BANK15  BANK16  BANK17  BANK18  BANK19  BANK20  BANK21  BANK22  BANK23  BANK24  BANK25
      Params:         1       0       0       0       0       0       0       0       0       0       0       0       0       0       0       0       0       0       0       0       0       0       0       0       0       0       0
      Locals:         0      70       0       0       0       0       0       0       0       0       0       0       0       0       0       0       0       0       0       0       0       0       0       0       0       0       0
      Temps:          2       0       0       0       0       0       0       0       0       0       0       0       0       0       0       0       0       0       0       0       0       0       0       0       0       0       0
      Totals:         3      70       0       0       0       0       0       0       0       0       0       0       0       0       0       0       0       0       0       0       0       0       0       0       0       0       0
Total ram usage:       73 bytes
 Hardware stack levels used:    1
 Hardware stack levels required when called:    2
 This function calls:
		_SPI_Close
		_SPI_Open
		_SPI_WriteBlock
 This function is called by:
		_main
 This function uses a non-reentrant model


 *************** function _WriteToMem *****************
 Defined at:
		line 68 in file "apps/src/bootloader.c"
 Parameters:    Size  Location     Type
  recv_frame      1    wreg     PTR unsigned char 
		 -> main@recv_frame(68), 
  send_frame      1   13[COMMON] PTR unsigned char 
		 -> main@send_frame(66), 
 Auto vars:     Size  Location     Type
  recv_frame      1    1[BANK0 ] PTR unsigned char 
		 -> main@recv_frame(68), 
  result          1    2[BANK0 ] _Bool 
 Return value:  Size  Location     Type
                  1    wreg      _Bool 
 Registers used:
		wreg, fsr1l, fsr1h, status,2, status,0, pclath, cstack
 Tracked objects:
		On entry : 
		On exit  : 
		Unchanged: 
 Data sizes:     COMMON   BANK0   BANK1   BANK2   BANK3   BANK4   BANK5   BANK6   BANK7   BANK8   BANK9  BANK10  BANK11  BANK12  BANK13  BANK14  BANK15  BANK16  BANK17  BANK18  BANK19  BANK20  BANK21  BANK22  BANK23  BANK24  BANK25
      Params:         1       0       0       0       0       0       0       0       0       0       0       0       0       0       0       0       0       0       0       0       0       0       0       0       0       0       0
      Locals:         0       2       0       0       0       0       0       0       0       0       0       0       0       0       0       0       0       0       0       0       0       0       0       0       0       0       0
      Temps:          0       1       0       0       0       0       0       0       0       0       0       0       0       0       0       0       0       0       0       0       0       0       0       0       0       0       0
      Totals:         1       3       0       0       0       0       0       0       0       0       0       0       0       0       0       0       0       0       0       0       0       0       0       0       0       0       0
Total ram usage:        4 bytes
 Hardware stack levels used:    1
 Hardware stack levels required when called:    2
 This function calls:
		_FLASH_Write
 This function is called by:
		_main
 This function uses a non-reentrant model


 *************** function _WriteBootloaderFlags *****************
 Defined at:
		line 156 in file "apps/src/memory.c"
 Parameters:    Size  Location     Type
		None
 Auto vars:     Size  Location     Type
  buf            68    0[BANK0 ] unsigned char [68]
  dbyte           2   70[BANK0 ] unsigned short 
  def_addr        2   68[BANK0 ] unsigned short 
  i               1   72[BANK0 ] unsigned char 
 Return value:  Size  Location     Type
                  1    wreg      void 
 Registers used:
		wreg, fsr1l, fsr1h, status,2, status,0, pclath, cstack
 Tracked objects:
		On entry : 
		On exit  : 
		Unchanged: 
 Data sizes:     COMMON   BANK0   BANK1   BANK2   BANK3   BANK4   BANK5   BANK6   BANK7   BANK8   BANK9  BANK10  BANK11  BANK12  BANK13  BANK14  BANK15  BANK16  BANK17  BANK18  BANK19  BANK20  BANK21  BANK22  BANK23  BANK24  BANK25
      Params:         0       0       0       0       0       0       0       0       0       0       0       0       0       0       0       0       0       0       0       0       0       0       0       0       0       0       0
      Locals:         0      73       0       0       0       0       0       0       0       0       0       0       0       0       0       0       0       0       0       0       0       0       0       0       0       0       0
      Temps:          1       0       0       0       0       0       0       0       0       0       0       0       0       0       0       0       0       0       0       0       0       0       0       0       0       0       0
      Totals:         1      73       0       0       0       0       0       0       0       0       0       0       0       0       0       0       0       0       0       0       0       0       0       0       0       0       0
Total ram usage:       74 bytes
 Hardware stack levels used:    1
 Hardware stack levels required when called:    2
 This function calls:
		_FLASH_Read
		_FLASH_Write
 This function is called by:
		_main
 This function uses a non-reentrant model


 *************** function _FLASH_Write *****************
 Defined at:
		line 75 in file "apps/src/memory.c"
 Parameters:    Size  Location     Type
  buffer          2    0[COMMON] PTR unsigned char 
		 -> WriteBootloaderFlags@buf(68), main@recv_frame(68), 
 Auto vars:     Size  Location     Type
  writeAddr       2   10[COMMON] unsigned short 
  i               1   12[COMMON] unsigned char 
  INR_state       1    9[COMMON] unsigned char 
 Return value:  Size  Location     Type
                  1    wreg      _Bool 
 Registers used:
		wreg, fsr1l, fsr1h, status,2, status,0, pclath, cstack
 Tracked objects:
		On entry : 
		On exit  : 
		Unchanged: 
 Data sizes:     COMMON   BANK0   BANK1   BANK2   BANK3   BANK4   BANK5   BANK6   BANK7   BANK8   BANK9  BANK10  BANK11  BANK12  BANK13  BANK14  BANK15  BANK16  BANK17  BANK18  BANK19  BANK20  BANK21  BANK22  BANK23  BANK24  BANK25
      Params:         2       0       0       0       0       0       0       0       0       0       0       0       0       0       0       0       0       0       0       0       0       0       0       0       0       0       0
      Locals:         4       0       0       0       0       0       0       0       0       0       0       0       0       0       0       0       0       0       0       0       0       0       0       0       0       0       0
      Temps:          7       0       0       0       0       0       0       0       0       0       0       0       0       0       0       0       0       0       0       0       0       0       0       0       0       0       0
      Totals:        13       0       0       0       0       0       0       0       0       0       0       0       0       0       0       0       0       0       0       0       0       0       0       0       0       0       0
Total ram usage:       13 bytes
 Hardware stack levels used:    1
 Hardware stack levels required when called:    1
 This function calls:
		_UnlockFlashWrite
 This function is called by:
		_WriteToMem
		_WriteBootloaderFlags
 This function uses a non-reentrant model


 *************** function _UnlockFlashWrite *****************
 Defined at:
		line 44 in file "apps/src/memory.c"
 Parameters:    Size  Location     Type
		None
 Auto vars:     Size  Location     Type
		None
 Return value:  Size  Location     Type
                  1    wreg      void 
 Registers used:
		wreg
 Tracked objects:
		On entry : 
		On exit  : 
		Unchanged: 
 Data sizes:     COMMON   BANK0   BANK1   BANK2   BANK3   BANK4   BANK5   BANK6   BANK7   BANK8   BANK9  BANK10  BANK11  BANK12  BANK13  BANK14  BANK15  BANK16  BANK17  BANK18  BANK19  BANK20  BANK21  BANK22  BANK23  BANK24  BANK25
      Params:         0       0       0       0       0       0       0       0       0       0       0       0       0       0       0       0       0       0       0       0       0       0       0       0       0       0       0
      Locals:         0       0       0       0       0       0       0       0       0       0       0       0       0       0       0       0       0       0       0       0       0       0       0       0       0       0       0
      Temps:          0       0       0       0       0       0       0       0       0       0       0       0       0       0       0       0       0       0       0       0       0       0       0       0       0       0       0
      Totals:         0       0       0       0       0       0       0       0       0       0       0       0       0       0       0       0       0       0       0       0       0       0       0       0       0       0       0
Total ram usage:        0 bytes
 Hardware stack levels used:    1
 This function calls:
		Nothing
 This function is called by:
		_FLASH_Write
 This function uses a non-reentrant model


 *************** function _UART_preamFound *****************
 Defined at:
		line 23 in file "apps/src/serial.c"
 Parameters:    Size  Location     Type
		None
 Auto vars:     Size  Location     Type
  byte            1    1[COMMON] unsigned char 
 Return value:  Size  Location     Type
                  1    wreg      _Bool 
 Registers used:
		wreg, status,2, status,0, pclath, cstack
 Tracked objects:
		On entry : 
		On exit  : 
		Unchanged: 
 Data sizes:     COMMON   BANK0   BANK1   BANK2   BANK3   BANK4   BANK5   BANK6   BANK7   BANK8   BANK9  BANK10  BANK11  BANK12  BANK13  BANK14  BANK15  BANK16  BANK17  BANK18  BANK19  BANK20  BANK21  BANK22  BANK23  BANK24  BANK25
      Params:         0       0       0       0       0       0       0       0       0       0       0       0       0       0       0       0       0       0       0       0       0       0       0       0       0       0       0
      Locals:         1       0       0       0       0       0       0       0       0       0       0       0       0       0       0       0       0       0       0       0       0       0       0       0       0       0       0
      Temps:          1       0       0       0       0       0       0       0       0       0       0       0       0       0       0       0       0       0       0       0       0       0       0       0       0       0       0
      Totals:         2       0       0       0       0       0       0       0       0       0       0       0       0       0       0       0       0       0       0       0       0       0       0       0       0       0       0
Total ram usage:        2 bytes
 Hardware stack levels used:    1
 Hardware stack levels required when called:    1
 This function calls:
		_EUSART_Read
		_EUSART_is_rx_ready
 This function is called by:
		_main
 This function uses a non-reentrant model


 *************** function _EUSART_is_rx_ready *****************
 Defined at:
		line 99 in file "mcc_generated_files/eusart.c"
 Parameters:    Size  Location     Type
		None
 Auto vars:     Size  Location     Type
		None
 Return value:  Size  Location     Type
                  1    wreg      _Bool 
 Registers used:
		wreg, status,2, status,0
 Tracked objects:
		On entry : 
		On exit  : 
		Unchanged: 
 Data sizes:     COMMON   BANK0   BANK1   BANK2   BANK3   BANK4   BANK5   BANK6   BANK7   BANK8   BANK9  BANK10  BANK11  BANK12  BANK13  BANK14  BANK15  BANK16  BANK17  BANK18  BANK19  BANK20  BANK21  BANK22  BANK23  BANK24  BANK25
      Params:         0       0       0       0       0       0       0       0       0       0       0       0       0       0       0       0       0       0       0       0       0       0       0       0       0       0       0
      Locals:         0       0       0       0       0       0       0       0       0       0       0       0       0       0       0       0       0       0       0       0       0       0       0       0       0       0       0
      Temps:          0       0       0       0       0       0       0       0       0       0       0       0       0       0       0       0       0       0       0       0       0       0       0       0       0       0       0
      Totals:         0       0       0       0       0       0       0       0       0       0       0       0       0       0       0       0       0       0       0       0       0       0       0       0       0       0       0
Total ram usage:        0 bytes
 Hardware stack levels used:    1
 This function calls:
		Nothing
 This function is called by:
		_UART_preamFound
 This function uses a non-reentrant model


 *************** function _UART_dataWrite *****************
 Defined at:
		line 3 in file "apps/src/serial.c"
 Parameters:    Size  Location     Type
  data_ptr        1    wreg     PTR unsigned char 
		 -> main@send_frame(66), 
  size            1    1[COMMON] unsigned char 
 Auto vars:     Size  Location     Type
  data_ptr        1    3[COMMON] PTR unsigned char 
		 -> main@send_frame(66), 
  i               1    4[COMMON] unsigned char 
 Return value:  Size  Location     Type
                  1    wreg      unsigned char 
 Registers used:
		wreg, fsr1l, fsr1h, status,2, status,0, pclath, cstack
 Tracked objects:
		On entry : 
		On exit  : 
		Unchanged: 
 Data sizes:     COMMON   BANK0   BANK1   BANK2   BANK3   BANK4   BANK5   BANK6   BANK7   BANK8   BANK9  BANK10  BANK11  BANK12  BANK13  BANK14  BANK15  BANK16  BANK17  BANK18  BANK19  BANK20  BANK21  BANK22  BANK23  BANK24  BANK25
      Params:         1       0       0       0       0       0       0       0       0       0       0       0       0       0       0       0       0       0       0       0       0       0       0       0       0       0       0
      Locals:         2       0       0       0       0       0       0       0       0       0       0       0       0       0       0       0       0       0       0       0       0       0       0       0       0       0       0
      Temps:          1       0       0       0       0       0       0       0       0       0       0       0       0       0       0       0       0       0       0       0       0       0       0       0       0       0       0
      Totals:         4       0       0       0       0       0       0       0       0       0       0       0       0       0       0       0       0       0       0       0       0       0       0       0       0       0       0
Total ram usage:        4 bytes
 Hardware stack levels used:    1
 Hardware stack levels required when called:    1
 This function calls:
		_EUSART_Write
		_EUSART_is_tx_done
		_EUSART_is_tx_ready
 This function is called by:
		_main
 This function uses a non-reentrant model


 *************** function _EUSART_is_tx_ready *****************
 Defined at:
		line 94 in file "mcc_generated_files/eusart.c"
 Parameters:    Size  Location     Type
		None
 Auto vars:     Size  Location     Type
		None
 Return value:  Size  Location     Type
                  1    wreg      _Bool 
 Registers used:
		wreg, status,2
 Tracked objects:
		On entry : 
		On exit  : 
		Unchanged: 
 Data sizes:     COMMON   BANK0   BANK1   BANK2   BANK3   BANK4   BANK5   BANK6   BANK7   BANK8   BANK9  BANK10  BANK11  BANK12  BANK13  BANK14  BANK15  BANK16  BANK17  BANK18  BANK19  BANK20  BANK21  BANK22  BANK23  BANK24  BANK25
      Params:         0       0       0       0       0       0       0       0       0       0       0       0       0       0       0       0       0       0       0       0       0       0       0       0       0       0       0
      Locals:         1       0       0       0       0       0       0       0       0       0       0       0       0       0       0       0       0       0       0       0       0       0       0       0       0       0       0
      Temps:          0       0       0       0       0       0       0       0       0       0       0       0       0       0       0       0       0       0       0       0       0       0       0       0       0       0       0
      Totals:         1       0       0       0       0       0       0       0       0       0       0       0       0       0       0       0       0       0       0       0       0       0       0       0       0       0       0
Total ram usage:        1 bytes
 Hardware stack levels used:    1
 This function calls:
		Nothing
 This function is called by:
		_UART_dataWrite
 This function uses a non-reentrant model


 *************** function _EUSART_is_tx_done *****************
 Defined at:
		line 104 in file "mcc_generated_files/eusart.c"
 Parameters:    Size  Location     Type
		None
 Auto vars:     Size  Location     Type
		None
 Return value:  Size  Location     Type
                  1    wreg      _Bool 
 Registers used:
		wreg, status,2, status,0
 Tracked objects:
		On entry : 
		On exit  : 
		Unchanged: 
 Data sizes:     COMMON   BANK0   BANK1   BANK2   BANK3   BANK4   BANK5   BANK6   BANK7   BANK8   BANK9  BANK10  BANK11  BANK12  BANK13  BANK14  BANK15  BANK16  BANK17  BANK18  BANK19  BANK20  BANK21  BANK22  BANK23  BANK24  BANK25
      Params:         0       0       0       0       0       0       0       0       0       0       0       0       0       0       0       0       0       0       0       0       0       0       0       0       0       0       0
      Locals:         0       0       0       0       0       0       0       0       0       0       0       0       0       0       0       0       0       0       0       0       0       0       0       0       0       0       0
      Temps:          0       0       0       0       0       0       0       0       0       0       0       0       0       0       0       0       0       0       0       0       0       0       0       0       0       0       0
      Totals:         0       0       0       0       0       0       0       0       0       0       0       0       0       0       0       0       0       0       0       0       0       0       0       0       0       0       0
Total ram usage:        0 bytes
 Hardware stack levels used:    1
 This function calls:
		Nothing
 This function is called by:
		_UART_dataWrite
 This function uses a non-reentrant model


 *************** function _EUSART_Write *****************
 Defined at:
		line 132 in file "mcc_generated_files/eusart.c"
 Parameters:    Size  Location     Type
  txData          1    wreg     unsigned char 
[...]
Total ram usage:        5 bytes
 Hardware stack levels used:    1
 Hardware stack levels required when called:    1
 This function calls:
		_SPI_ExchangeByte
 This function is called by:
		_ReadFromSerialEEPROM
 This function uses a non-reentrant model


 *************** function _SPI_ExchangeByte *****************
 Defined at:
		line 92 in file "mcc_generated_files/spi.c"
 Parameters:    Size  Location     Type
  data            1    wreg     unsigned char 
 Auto vars:     Size  Location     Type
  data            1    0[COMMON] unsigned char 
 Return value:  Size  Location     Type
                  1    wreg      unsigned char 
 Registers used:
		wreg
 Tracked objects:
		On entry : 
		On exit  : 
		Unchanged: 
 Data sizes:     COMMON   BANK0   BANK1   BANK2   BANK3   BANK4   BANK5   BANK6   BANK7   BANK8   BANK9  BANK10  BANK11  BANK12  BANK13  BANK14  BANK15  BANK16  BANK17  BANK18  BANK19  BANK20  BANK21  BANK22  BANK23  BANK24  BANK25
      Params:         0       0       0       0       0       0       0       0       0       0       0       0       0       0       0       0       0       0       0       0       0       0       0       0       0       0       0
      Locals:         1       0       0       0       0       0       0       0       0       0       0       0       0       0       0       0       0       0       0       0       0       0       0       0       0       0       0
      Temps:          0       0       0       0       0       0       0       0       0       0       0       0       0       0       0       0       0       0       0       0       0       0       0       0       0       0       0
      Totals:         1       0       0       0       0       0       0       0       0       0       0       0       0       0       0       0       0       0       0       0       0       0       0       0       0       0       0
Total ram usage:        1 bytes
 Hardware stack levels used:    1
 This function calls:
		Nothing
 This function is called by:
		_SPI_WriteBlock
		_SPI_ReadBlock
 This function uses a non-reentrant model


 *************** function _SPI_Open *****************
 Defined at:
		line 72 in file "mcc_generated_files/spi.c"
 Parameters:    Size  Location     Type
  spiUniqueCon    1    wreg     enum E353
 Auto vars:     Size  Location     Type
  spiUniqueCon    1    3[COMMON] enum E353
 Return value:  Size  Location     Type
                  1    wreg      _Bool 
 Registers used:
		wreg, fsr0l, fsr0h, status,2, status,0, pclath
 Tracked objects:
		On entry : 
		On exit  : 
		Unchanged: 
 Data sizes:     COMMON   BANK0   BANK1   BANK2   BANK3   BANK4   BANK5   BANK6   BANK7   BANK8   BANK9  BANK10  BANK11  BANK12  BANK13  BANK14  BANK15  BANK16  BANK17  BANK18  BANK19  BANK20  BANK21  BANK22  BANK23  BANK24  BANK25
      Params:         0       0       0       0       0       0       0       0       0       0       0       0       0       0       0       0       0       0       0       0       0       0       0       0       0       0       0
      Locals:         1       0       0       0       0       0       0       0       0       0       0       0       0       0       0       0       0       0       0       0       0       0       0       0       0       0       0
      Temps:          3       0       0       0       0       0       0       0       0       0       0       0       0       0       0       0       0       0       0       0       0       0       0       0       0       0       0
      Totals:         4       0       0       0       0       0       0       0       0       0       0       0       0       0       0       0       0       0       0       0       0       0       0       0       0       0       0
Total ram usage:        4 bytes
 Hardware stack levels used:    1
 This function calls:
		Nothing
 This function is called by:
		_ReadFromSerialEEPROM
		_WriteToSerialEEPROM
 This function uses a non-reentrant model


 *************** function _SPI_Close *****************
 Defined at:
		line 87 in file "mcc_generated_files/spi.c"
 Parameters:    Size  Location     Type
		None
 Auto vars:     Size  Location     Type
		None
 Return value:  Size  Location     Type
                  1    wreg      void 
 Registers used:
		None
 Tracked objects:
		On entry : 
		On exit  : 
		Unchanged: 
 Data sizes:     COMMON   BANK0   BANK1   BANK2   BANK3   BANK4   BANK5   BANK6   BANK7   BANK8   BANK9  BANK10  BANK11  BANK12  BANK13  BANK14  BANK15  BANK16  BANK17  BANK18  BANK19  BANK20  BANK21  BANK22  BANK23  BANK24  BANK25
      Params:         0       0       0       0       0       0       0       0       0       0       0       0       0       0       0       0       0       0       0       0       0       0       0       0       0       0       0
      Locals:         0       0       0       0       0       0       0       0       0       0       0       0       0       0       0       0       0       0       0       0       0       0       0       0       0       0       0
      Temps:          0       0       0       0       0       0       0       0       0       0       0       0       0       0       0       0       0       0       0       0       0       0       0       0       0       0       0
      Totals:         0       0       0       0       0       0       0       0       0       0       0       0       0       0       0       0       0       0       0       0       0       0       0       0       0       0       0
Total ram usage:        0 bytes
 Hardware stack levels used:    1
 This function calls:
		Nothing
 This function is called by:
		_ReadFromSerialEEPROM
		_WriteToSerialEEPROM
 This function uses a non-reentrant model


 *************** function _ReadFromMem *****************
 Defined at:
		line 45 in file "apps/src/bootloader.c"
 Parameters:    Size  Location     Type
  recv_frame      1    wreg     PTR unsigned char 
		 -> main@recv_frame(68), 
  send_frame      1    5[COMMON] PTR unsigned char 
		 -> main@send_frame(66), 
 Auto vars:     Size  Location     Type
  recv_frame      1    2[BANK0 ] PTR unsigned char 
		 -> main@recv_frame(68), 
  dbyte           2    3[BANK0 ] unsigned short 
  def_addr        2    0[BANK0 ] unsigned short 
  i               1    5[BANK0 ] unsigned char 
 Return value:  Size  Location     Type
                  1    wreg      _Bool 
 Registers used:
		wreg, fsr1l, fsr1h, status,2, status,0, pclath, cstack
 Tracked objects:
		On entry : 
		On exit  : 
		Unchanged: 
 Data sizes:     COMMON   BANK0   BANK1   BANK2   BANK3   BANK4   BANK5   BANK6   BANK7   BANK8   BANK9  BANK10  BANK11  BANK12  BANK13  BANK14  BANK15  BANK16  BANK17  BANK18  BANK19  BANK20  BANK21  BANK22  BANK23  BANK24  BANK25
      Params:         1       0       0       0       0       0       0       0       0       0       0       0       0       0       0       0       0       0       0       0       0       0       0       0       0       0       0
      Locals:         0       6       0       0       0       0       0       0       0       0       0       0       0       0       0       0       0       0       0       0       0       0       0       0       0       0       0
      Temps:          7       0       0       0       0       0       0       0       0       0       0       0       0       0       0       0       0       0       0       0       0       0       0       0       0       0       0
      Totals:         8       6       0       0       0       0       0       0       0       0       0       0       0       0       0       0       0       0       0       0       0       0       0       0       0       0       0
Total ram usage:       14 bytes
 Hardware stack levels used:    1
 Hardware stack levels required when called:    1
 This function calls:
		_FLASH_Read
 This function is called by:
		_main
 This function uses a non-reentrant model


 *************** function _ReadBootloaderFlags *****************
 Defined at:
		line 137 in file "apps/src/memory.c"
 Parameters:    Size  Location     Type
		None
 Auto vars:     Size  Location     Type
  buf            64    0[BANK0 ] unsigned short [32]
  def_addr        2   66[BANK0 ] unsigned short 
  dbyte           2   64[BANK0 ] unsigned short 
  i               1   68[BANK0 ] unsigned char 
 Return value:  Size  Location     Type
                  1    wreg      void 
 Registers used:
		wreg, fsr1l, fsr1h, status,2, status,0, pclath, cstack
 Tracked objects:
		On entry : 
		On exit  : 
		Unchanged: 
 Data sizes:     COMMON   BANK0   BANK1   BANK2   BANK3   BANK4   BANK5   BANK6   BANK7   BANK8   BANK9  BANK10  BANK11  BANK12  BANK13  BANK14  BANK15  BANK16  BANK17  BANK18  BANK19  BANK20  BANK21  BANK22  BANK23  BANK24  BANK25
      Params:         0       0       0       0       0       0       0       0       0       0       0       0       0       0       0       0       0       0       0       0       0       0       0       0       0       0       0
      Locals:         0      69       0       0       0       0       0       0       0       0       0       0       0       0       0       0       0       0       0       0       0       0       0       0       0       0       0
      Temps:          6       0       0       0       0       0       0       0       0       0       0       0       0       0       0       0       0       0       0       0       0       0       0       0       0       0       0
      Totals:         6      69       0       0       0       0       0       0       0       0       0       0       0       0       0       0       0       0       0       0       0       0       0       0       0       0       0
Total ram usage:       75 bytes
 Hardware stack levels used:    1
 Hardware stack levels required when called:    1
 This function calls:
		_FLASH_Read
 This function is called by:
		_main
 This function uses a non-reentrant model


 *************** function _FLASH_Read *****************
 Defined at:
		line 52 in file "apps/src/memory.c"
 Parameters:    Size  Location     Type
  addr            2    0[COMMON] unsigned short 
 Auto vars:     Size  Location     Type
  INR_state       1    4[COMMON] unsigned char 
 Return value:  Size  Location     Type
                  2    0[COMMON] unsigned short 
 Registers used:
		wreg, status,2, status,0
 Tracked objects:
		On entry : 
		On exit  : 
		Unchanged: 
 Data sizes:     COMMON   BANK0   BANK1   BANK2   BANK3   BANK4   BANK5   BANK6   BANK7   BANK8   BANK9  BANK10  BANK11  BANK12  BANK13  BANK14  BANK15  BANK16  BANK17  BANK18  BANK19  BANK20  BANK21  BANK22  BANK23  BANK24  BANK25
      Params:         2       0       0       0       0       0       0       0       0       0       0       0       0       0       0       0       0       0       0       0       0       0       0       0       0       0       0
      Locals:         1       0       0       0       0       0       0       0       0       0       0       0       0       0       0       0       0       0       0       0       0       0       0       0       0       0       0
      Temps:          2       0       0       0       0       0       0       0       0       0       0       0       0       0       0       0       0       0       0       0       0       0       0       0       0       0       0
      Totals:         5       0       0       0       0       0       0       0       0       0       0       0       0       0       0       0       0       0       0       0       0       0       0       0       0       0       0
Total ram usage:        5 bytes
 Hardware stack levels used:    1
 This function calls:
		Nothing
 This function is called by:
		_ReadFromMem
		_ReadBootloaderFlags
		_WriteBootloaderFlags
 This function uses a non-reentrant model


 *************** function _KeyBLRequired *****************
 Defined at:
		line 3 in file "apps/src/bootloader.c"
 Parameters:    Size  Location     Type
		None
 Auto vars:     Size  Location     Type
		None
 Return value:  Size  Location     Type
                  1    wreg      _Bool 
 Registers used:
		wreg
 Tracked objects:
		On entry : 
		On exit  : 
		Unchanged: 
 Data sizes:     COMMON   BANK0   BANK1   BANK2   BANK3   BANK4   BANK5   BANK6   BANK7   BANK8   BANK9  BANK10  BANK11  BANK12  BANK13  BANK14  BANK15  BANK16  BANK17  BANK18  BANK19  BANK20  BANK21  BANK22  BANK23  BANK24  BANK25
      Params:         0       0       0       0       0       0       0       0       0       0       0       0       0       0       0       0       0       0       0       0       0       0       0       0       0       0       0
      Locals:         0       0       0       0       0       0       0       0       0       0       0       0       0       0       0       0       0       0       0       0       0       0       0       0       0       0       0
      Temps:          0       0       0       0       0       0       0       0       0       0       0       0       0       0       0       0       0       0       0       0       0       0       0       0       0       0       0
      Totals:         0       0       0       0       0       0       0       0       0       0       0       0       0       0       0       0       0       0       0       0       0       0       0       0       0       0       0
Total ram usage:        0 bytes
 Hardware stack levels used:    1
 This function calls:
		Nothing
 This function is called by:
		_main
 This function uses a non-reentrant model


 *************** function _DefineError *****************
 Defined at:
		line 17 in file "apps/src/bootloader.c"
 Parameters:    Size  Location     Type
  send_frame      1    wreg     PTR unsigned char 
		 -> main@send_frame(66), 
 Auto vars:     Size  Location     Type
  send_frame      1    1[COMMON] PTR unsigned char 
		 -> main@send_frame(66), 
 Return value:  Size  Location     Type
                  1    wreg      _Bool 
 Registers used:
		wreg, fsr1l, fsr1h
 Tracked objects:
		On entry : 
		On exit  : 
		Unchanged: 
 Data sizes:     COMMON   BANK0   BANK1   BANK2   BANK3   BANK4   BANK5   BANK6   BANK7   BANK8   BANK9  BANK10  BANK11  BANK12  BANK13  BANK14  BANK15  BANK16  BANK17  BANK18  BANK19  BANK20  BANK21  BANK22  BANK23  BANK24  BANK25
      Params:         0       0       0       0       0       0       0       0       0       0       0       0       0       0       0       0       0       0       0       0       0       0       0       0       0       0       0
      Locals:         1       0       0       0       0       0       0       0       0       0       0       0       0       0       0       0       0       0       0       0       0       0       0       0       0       0       0
      Temps:          1       0       0       0       0       0       0       0       0       0       0       0       0       0       0       0       0       0       0       0       0       0       0       0       0       0       0
      Totals:         2       0       0       0       0       0       0       0       0       0       0       0       0       0       0       0       0       0       0       0       0       0       0       0       0       0       0
Total ram usage:        2 bytes
 Hardware stack levels used:    1
 This function calls:
		Nothing
 This function is called by:
		_main
 This function uses a non-reentrant model


 *************** function _ClearArray *****************
 Defined at:
		line 12 in file "apps/src/bootloader.c"
 Parameters:    Size  Location     Type
  array           2    0[COMMON] PTR unsigned char 
		 -> main@send_frame(66), main@recv_frame(68), 
 Auto vars:     Size  Location     Type
  i               1    4[COMMON] unsigned char 
 Return value:  Size  Location     Type
                  1    wreg      void 
 Registers used:
		wreg, fsr1l, fsr1h, status,2, status,0
 Tracked objects:
		On entry : 
		On exit  : 
		Unchanged: 
 Data sizes:     COMMON   BANK0   BANK1   BANK2   BANK3   BANK4   BANK5   BANK6   BANK7   BANK8   BANK9  BANK10  BANK11  BANK12  BANK13  BANK14  BANK15  BANK16  BANK17  BANK18  BANK19  BANK20  BANK21  BANK22  BANK23  BANK24  BANK25
      Params:         2       0       0       0       0       0       0       0       0       0       0       0       0       0       0       0       0       0       0       0       0       0       0       0       0       0       0
      Locals:         1       0       0       0       0       0       0       0       0       0       0       0       0       0       0       0       0       0       0       0       0       0       0       0       0       0       0
      Temps:          2       0       0       0       0       0       0       0       0       0       0       0       0       0       0       0       0       0       0       0       0       0       0       0       0       0       0
      Totals:         5       0       0       0       0       0       0       0       0       0       0       0       0       0       0       0       0       0       0       0       0       0       0       0       0       0       0
Total ram usage:        5 bytes
 Hardware stack levels used:    1
 This function calls:
		Nothing
 This function is called by:
		_main
 This function uses a non-reentrant model



MODULE INFORMATION

Module		Function		Class		Link	Load	Size
apps/src/bootloader.c
		_ClearArray    		CODE           	022E	0000	24
		_ReadFromMem   		CODE           	04F2	0000	151
		_DefineError   		CODE           	021D	0000	18
		_WriteToMem    		CODE           	029C	0000	35
		_StartApp      		CODE           	018F	0000	5
		_KeyBLRequired 		CODE           	01BA	0000	10

apps/src/bootloader.c estimated size: 243

mcc_generated_files/pin_manager.c
		_PIN_MANAGER_Initialize		CODE           	033A	0000	61

mcc_generated_files/pin_manager.c estimated size: 61

apps/src/memory.c
		_ReadBootloaderFlags		CODE           	0486	0000	109
		_FLASH_Write   		CODE           	0588	0000	173
		_UnlockFlashWrite		CODE           	01C3	0000	10
		_FLASH_Read    		CODE           	02E1	0000	42
		_WriteBootloaderFlags		CODE           	0420	0000	103

apps/src/memory.c estimated size: 437

mcc_generated_files/spi.c
		_SPI_Close     		CODE           	0188	0000	4
		_SPI_ExchangeByte		CODE           	01E2	0000	14
		_SPI_Open      		CODE           	0376	0000	80
		_SPI_WriteBlock		CODE           	025D	0000	31
		_SPI_ReadBlock 		CODE           	027B	0000	34
		_SPI_Initialize		CODE           	01D6	0000	13

mcc_generated_files/spi.c estimated size: 176

shared
		__initialization		CODE           	07F3	0000	11
		_spi_configuration		STRCODE        	0800	0000	5

shared estimated size: 16

mcc_generated_files/mcc.c
		_WDT_Initialize		CODE           	018B	0000	5
		_OSCILLATOR_Initialize		CODE           	01B2	0000	9
		_SYSTEM_Initialize		CODE           	020D	0000	17

mcc_generated_files/mcc.c estimated size: 31

apps/src/eeprom_25lc512.c
		_WriteToSerialEEPROM		CODE           	0634	0000	179
		_ReadFromSerialEEPROM		CODE           	03C5	0000	92

apps/src/eeprom_25lc512.c estimated size: 271

apps/src/serial.c
		_UART_byteRead 		CODE           	0193	0000	5
		_UART_dataWrite		CODE           	030A	0000	49
		_UART_preamFound		CODE           	0245	0000	25

apps/src/serial.c estimated size: 79

mcc_generated_files/eusart.c
		_EUSART_Read   		CODE           	01EF	0000	16
		_EUSART_Write  		CODE           	01CC	0000	11
		_EUSART_is_tx_done		CODE           	0197	0000	5
		_EUSART_Initialize		CODE           	02BE	0000	36
		_EUSART_SetFramingErrorHandler		CODE           	01A6	0000	7
		_EUSART_SetErrorHandler		CODE           	01A0	0000	7
		_EUSART_SetOverrunErrorHandler		CODE           	01AC	0000	7
		_EUSART_is_rx_ready		CODE           	019B	0000	6
		_EUSART_is_tx_ready		CODE           	01FE	0000	16

mcc_generated_files/eusart.c estimated size: 111

main.c
		_main          		CODE           	06E6	0000	270

main.c estimated size: 270

