Microchip MPLAB XC8 Compiler V2.20

Linker command line:

-W-3 --edf=/opt/microchip/xc8/v2.20/pic/dat/en_msgs.txt -cn \
  -h+dist/default/production/v1.1.X.production.sym \
  --cmf=dist/default/production/v1.1.X.production.cmf -z -Q16F1789 \
  -o/tmp/xcXBjbALO --defsym=__MPLAB_BUILD=1 \
  -Mdist/default/production/v1.1.X.production.map -E1 -ver=XC8 Compiler \
  --acfsm=1493 -ASTACK=0218Bh-027EFh -pstack=STACK -ACODE=00h-07FFhx8 \
  -ASTRCODE=00h-03FFFh -ASTRING=00h-0FFhx64 -ACONST=00h-0FFhx64 \
  -AENTRY=00h-0FFhx64 -ACOMMON=070h-07Fh -ABANK0=020h-06Fh \
  -ABANK1=0A0h-0EFh -ABANK2=0120h-016Fh -ABANK3=01A0h-01EFh \
  -ABANK4=0220h-026Fh -ABANK5=02A0h-02EFh -ABANK6=0320h-036Fh \
  -ABANK7=03A0h-03EFh -ABANK8=0420h-046Fh -ABANK9=04A0h-04EFh \
  -ABANK10=0520h-056Fh -ABANK11=05A0h-05EFh -ABANK12=0620h-066Fh \
  -ABANK13=06A0h-06EFh -ABANK14=0720h-076Fh -ABANK15=07A0h-07EFh \
  -ABANK16=0820h-086Fh -ABANK17=08A0h-08EFh -ABANK18=0920h-096Fh \
  -ABANK19=09A0h-09EFh -ABANK20=0A20h-0A6Fh -ABANK21=0AA0h-0AEFh \
  -ABANK22=0B20h-0B6Fh -ABANK23=0BA0h-0BEFh -ABANK24=0C20h-0C6Fh \
  -ABANK25=0CA0h-0CBFh -ABIGRAM=02000h-027EFh \
  -ARAM=020h-06Fh,0A0h-0EFh,0120h-016Fh,01A0h-01EFh,0220h-026Fh,02A0h-02EFh,0320h-036Fh,03A0h-03EFh,0420h-046Fh,04A0h-04EFh,0520h-056Fh,05A0h-05EFh,0620h-066Fh,06A0h-06EFh,0720h-076Fh,07A0h-07EFh,0820h-086Fh,08A0h-08EFh,0920h-096Fh,09A0h-09EFh,0A20h-0A6Fh,0AA0h-0AEFh,0B20h-0B6Fh,0BA0h-0BEFh,0C20h-0C6Fh,0CA0h-0CBFh \
  -AABS1=020h-07Fh,0A0h-0EFh,0120h-016Fh,01A0h-01EFh,0220h-026Fh,02A0h-02EFh,0320h-036Fh,03A0h-03EFh,0420h-046Fh,04A0h-04EFh,0520h-056Fh,05A0h-05EFh,0620h-066Fh,06A0h-06EFh,0720h-076Fh,07A0h-07EFh,0820h-086Fh,08A0h-08EFh,0920h-096Fh,09A0h-09EFh,0A20h-0A6Fh,0AA0h-0AEFh,0B20h-0B6Fh,0BA0h-0BEFh,0C20h-0C6Fh,0CA0h-0CBFh \
  -ASFR0=00h-01Fh -ASFR1=080h-09Fh -ASFR2=0100h-011Fh -ASFR3=0180h-019Fh \
  -ASFR4=0200h-021Fh -ASFR5=0280h-029Fh -ASFR6=0300h-031Fh \
  -ASFR7=0380h-039Fh -ASFR8=0400h-041Fh -ASFR9=0480h-049Fh \
  -ASFR10=0500h-051Fh -ASFR11=0580h-059Fh -ASFR12=0600h-061Fh \
  -ASFR13=0680h-069Fh -ASFR14=0700h-071Fh -ASFR15=0780h-079Fh \
  -ASFR16=0800h-081Fh -ASFR17=0880h-089Fh -ASFR18=0900h-091Fh \
  -ASFR19=0980h-099Fh -ASFR20=0A00h-0A1Fh -ASFR21=0A80h-0A9Fh \
  -ASFR22=0B00h-0B1Fh -ASFR23=0B80h-0B9Fh -ASFR24=0C00h-0C1Fh \
  -ASFR25=0C80h-0C9Fh -ASFR26=0D00h-0D6Fh -ASFR27=0D80h-0DEFh \
  -ASFR28=0E00h-0E6Fh -ASFR29=0E80h-0EEFh -ASFR30=0F00h-0F6Fh \
  -ASFR31=0F80h-0FEFh -ACONFIG=08007h-08008h -DCONFIG=2 \
  -AIDLOC=08000h-08003h -DIDLOC=2 -preset_vec=00h,intentry,init,end_init \
  -ppowerup=CODE -pcinit=CODE -pfunctab=ENTRY -AEEDATA=00h-0FFh/0F000h \
  -peeprom_data=EEDATA -DEEDATA=2 -DCODE=2 -DSTRCODE=2 -DSTRING=2 -DCONST=2 \
  -DENTRY=2 -k /tmp/xcXiJAbpk.o dist/default/production/v1.1.X.production.o 

Object code version is 3.11

Machine type is 16F1789



                Name                               Link     Load   Length Selector   Space Scale
/tmp/xcXiJAbpk.o
                end_init                              2        2        2        0       0
                reset_vec                             0        0        2        0       0
                config                             8007     8007        2        0       4
dist/default/production/v1.1.X.production.o
                cinit                               7F3      7F3        D      FE6       0
                config                             8007     8007        2        0       4
                text36                              161      161       13      2C2       0
                text35                              174      174       18      2E8       0
                text34                               CC       CC        3      198       0
                text33                              2C2      2C2       4F      584       0
                text32                              126      126        D      24C       0
                text31                              1C2      1C2       21      384       0
                text30                              1A4      1A4       1E      348       0
                text29                              311      311       61      622       0
                text28                              110      110        A      220       0
                text27                               CF       CF        4      19E       0
                text26                              133      133        F      266       0
                text25                              253      253       32      4A6       0
                text24                              444      444       89      888       0
                text23                               FE       FE        9      1FC       0
                text22                              22A      22A       29      454       0
                text21                              3D8      3D8       6C      7B0       0
                text20                              4CD      4CD       9C      99A       0
                text19                               E4       E4        6      1C8       0
                text18                               EA       EA        6      1D4       0
                text17                               F0       F0        6      1E0       0
                text16                              1E3      1E3       23      3C6       0
                text15                               F6       F6        8      1EC       0
                text14                              285      285       3D      50A       0
                text13                              11A      11A        C      234       0
                text12                               D3       D3        4      1A6       0
                text11                              151      151       10      2A2       0
                text10                               D7       D7        4      1AE       0
                text9                               142      142        F      284       0
                text8                                DB       DB        4      1B6       0
                text7                                DF       DF        5      1BE       0
                text6                               18C      18C       18      318       0
                text5                               107      107        9      20E       0
                text4                               569      569       AC      AD2       0
                text3                               372      372       66      6E4       0
                text2                               206      206       24      40C       0
                text1                               615      615       B4      C2A       0
                maintext                            6C9      6C9      12A      D92       0
                cstackBANK0                          20       20       4F       20       1
                cstackCOMMON                         70       70        E       70       1
                cstackBANK1                          A0       A0       44       A0       1
                cstackBANK2                         120      120       42      120       1
                cstackBANK3                         1A0      1A0       42      1A0       1
                cstackBANK4                         220      220       44      220       1
                bssBANK4                            264      264        7      220       1
                bssBANK0                             6F       6F        1       20       1
                nvBANK1                              E4       E4        6       A0       1
                stringtext1                         800      800        4     1000       0

TOTAL           Name                               Link     Load   Length     Space
        CLASS   STACK          

        CLASS   CODE           
                end_init                              2        2        2         0
                cinit                               7F3      7F3        D         0
                reset_vec                             0        0        2         0
                text36                              161      161       13         0
                text35                              174      174       18         0
                text34                               CC       CC        3         0
                text33                              2C2      2C2       4F         0
                text32                              126      126        D         0
                text31                              1C2      1C2       21         0
                text30                              1A4      1A4       1E         0
                text29                              311      311       61         0
                text28                              110      110        A         0
                text27                               CF       CF        4         0
                text26                              133      133        F         0
                text25                              253      253       32         0
                text24                              444      444       89         0
                text23                               FE       FE        9         0
                text22                              22A      22A       29         0
                text21                              3D8      3D8       6C         0
                text20                              4CD      4CD       9C         0
                text19                               E4       E4        6         0
                text18                               EA       EA        6         0
                text17                               F0       F0        6         0
                text16                              1E3      1E3       23         0
                text15                               F6       F6        8         0
                text14                              285      285       3D         0
                text13                              11A      11A        C         0
                text12                               D3       D3        4         0
                text11                              151      151       10         0
                text10                               D7       D7        4         0
                text9                               142      142        F         0
                text8                                DB       DB        4         0
                text7                                DF       DF        5         0
                text6                               18C      18C       18         0
                text5                               107      107        9         0
                text4                               569      569       AC         0
                text3                               372      372       66         0
                text2                               206      206       24         0
                text1                               615      615       B4         0
                maintext                            6C9      6C9      12A         0

        CLASS   STRCODE        
                stringtext1                         800      800        4         0

        CLASS   STRING         

        CLASS   CONST          

        CLASS   ENTRY          

        CLASS   COMMON         
                cstackCOMMON                         70       70        E         1

        CLASS   BANK0          
                cstackBANK0                          20       20       4F         1
                bssBANK0                             6F       6F        1         1

        CLASS   BANK1          
                cstackBANK1                          A0       A0       44         1
                nvBANK1                              E4       E4        6         1

        CLASS   BANK2          
                cstackBANK2                         120      120       42         1

        CLASS   BANK3          
                cstackBANK3                         1A0      1A0       42         1

        CLASS   BANK4          
                cstackBANK4                         220      220       44         1
                bssBANK4                            264      264        7         1

        CLASS   BANK5          

        CLASS   BANK6          

        CLASS   BANK7          

        CLASS   BANK8          

        CLASS   BANK9          

        CLASS   BANK10         

        CLASS   BANK11         

        CLASS   BANK12         

        CLASS   BANK13         

        CLASS   BANK14         

        CLASS   BANK15         

        CLASS   BANK16         

        CLASS   BANK17         

        CLASS   BANK18         

        CLASS   BANK19         

        CLASS   BANK20         

        CLASS   BANK21         

        CLASS   BANK22         

        CLASS   BANK23         

        CLASS   BANK24         

        CLASS   BANK25         

        CLASS   BIGRAM         

        CLASS   RAM            

        CLASS   ABS1           
                abs_s1                               7E       7E        2         1

        CLASS   SFR0           

        CLASS   SFR1           

        CLASS   SFR2           

        CLASS   SFR3           

        CLASS   SFR4           

        CLASS   SFR5           

        CLASS   SFR6           

        CLASS   SFR7           

        CLASS   SFR8           

        CLASS   SFR9           

        CLASS   SFR10          

        CLASS   SFR11          

        CLASS   SFR12          

        CLASS   SFR13          

        CLASS   SFR14          

        CLASS   SFR15          

        CLASS   SFR16          

        CLASS   SFR17          

        CLASS   SFR18          

        CLASS   SFR19          

        CLASS   SFR20          

        CLASS   SFR21          

        CLASS   SFR22          

        CLASS   SFR23          

        CLASS   SFR24          

        CLASS   SFR25          

        CLASS   SFR26          

        CLASS   SFR27          

        CLASS   SFR28          

        CLASS   SFR29          

        CLASS   SFR30          

        CLASS   SFR31          

        CLASS   CONFIG         
                config                             8007     8007        2         4

        CLASS   IDLOC          

        CLASS   EEDATA         

        CLASS   BANK31         

        CLASS   BANK30         

        CLASS   BANK29         

        CLASS   BANK28         

        CLASS   BANK27         

        CLASS   BANK26         



SEGMENTS        Name                           Load    Length   Top    Selector   Space  Class     Delta

                text17                         0000F0  000006  0000F6       1E0       0  CODE        2
                text18                         0000EA  000006  0000F0       1D4       0  CODE        2
                text15                         0000F6  000008  0000FE       1EC       0  CODE        2
                text19                         0000E4  000006  0000EA       1C8       0  CODE        2
                text23                         0000FE  000009  000107       1FC       0  CODE        2
                text2                          000206  000024  00022A       40C       0  CODE        2
                text22                         00022A  000029  000253       454       0  CODE        2
                text16                         0001E3  000023  000206       3C6       0  CODE        2
                text30                         0001A4  00001E  0001C2       348       0  CODE        2
                text31                         0001C2  000021  0001E3       384       0  CODE        2
                text29                         000311  000061  000372       622       0  CODE        2
                text3                          000372  000066  0003D8       6E4       0  CODE        2
                text33                         0002C2  00004F  000311       584       0  CODE        2
                text25                         000253  000032  000285       4A6       0  CODE        2
                text14                         000285  00003D  0002C2       50A       0  CODE        2
                text32                         000126  00000D  000133       24C       0  CODE        2
                text26                         000133  00000F  000142       266       0  CODE        2
                text13                         00011A  00000C  000126       234       0  CODE        2
                text5                          000107  000009  000110       20E       0  CODE        2
                text28                         000110  00000A  00011A       220       0  CODE        2
                text35                         000174  000018  00018C       2E8       0  CODE        2
                text6                          00018C  000018  0001A4       318       0  CODE        2
                text36                         000161  000013  000174       2C2       0  CODE        2
                text9                          000142  00000F  000151       284       0  CODE        2
                text11                         000151  000010  000161       2A2       0  CODE        2
                reset_vec                      000000  000004  000004         0       0  CODE        2
                text34                         0000CC  000003  0000CF       198       0  CODE        2
                text27                         0000CF  000004  0000D3       19E       0  CODE        2
                text8                          0000DB  000004  0000DF       1B6       0  CODE        2
                text10                         0000D7  000004  0000DB       1AE       0  CODE        2
                stringtext1                    000800  000004  000804      1000       0  STRCODE     2
                text12                         0000D3  000004  0000D7       1A6       0  CODE        2
                text7                          0000DF  000005  0000E4       1BE       0  CODE        2
                cstackBANK3                    0001A0  000042  0001E2       1A0       1  BANK3       1
                cstackBANK1                    0000A0  00004A  0000EA        A0       1  BANK1       1
                cstackBANK2                    000120  000042  000162       120       1  BANK2       1
                cinit                          0007F3  00000D  000800       FE6       0  CODE        2
                cstackBANK4                    000220  00004B  00026B       220       1  BANK4       1
                cstackCOMMON                   000070  00000E  00007E        70       1  COMMON      1
                cstackBANK0                    000020  000050  000070        20       1  BANK0       1
                text20                         0004CD  00009C  000569       99A       0  CODE        2
                text24                         000444  000089  0004CD       888       0  CODE        2
                text4                          000569  0000AC  000615       AD2       0  CODE        2
                text21                         0003D8  00006C  000444       7B0       0  CODE        2
                text1                          000615  0000B4  0006C9       C2A       0  CODE        2
                maintext                       0006C9  00012A  0007F3       D92       0  CODE        2


UNUSED ADDRESS RANGES

        Name                Unused          Largest block    Delta
        BANK1            000EA-000EF               6           1
        BANK10           00520-0056F              50           1
        BANK11           005A0-005EF              50           1
        BANK12           00620-0066F              50           1
        BANK13           006A0-006EF              50           1
        BANK14           00720-0076F              50           1
        BANK15           007A0-007EF              50           1
        BANK16           00820-0086F              50           1
        BANK17           008A0-008EF              50           1
        BANK18           00920-0096F              50           1
        BANK19           009A0-009EF              50           1
        BANK2            00162-0016F               E           1
        BANK20           00A20-00A6F              50           1
        BANK21           00AA0-00AEF              50           1
        BANK22           00B20-00B6F              50           1
        BANK23           00BA0-00BEF              50           1
        BANK24           00C20-00C6F              50           1
        BANK25           00CA0-00CBF              20           1
        BANK3            001E2-001EF               E           1
        BANK4            0026B-0026F               5           1
        BANK5            002A0-002EF              50           1
        BANK6            00320-0036F              50           1
        BANK7            003A0-003EF              50           1
        BANK8            00420-0046F              50           1
        BANK9            004A0-004EF              50           1
        BIGRAM           02000-027EF             7F0           1
        CODE             00004-000CB              C8           2
                         00804-03FFF             800
        CONST            00004-000CB              C8           2
                         00804-03FFF             100
        EEDATA           0F000-0F0FF             100           2
        ENTRY            00004-000CB              C8           2
                         00804-03FFF             100
        IDLOC            08000-08003               4           2
        RAM              000EA-000EF               6           1
                         00162-0016F               E
                         001E2-001EF               E
                         0026B-0026F               5
                         002A0-002EF              50
                         00320-0036F              50
                         003A0-003EF              50
                         00420-0046F              50
                         004A0-004EF              50
                         00520-0056F              50
                         005A0-005EF              50
                         00620-0066F              50
                         006A0-006EF              50
                         00720-0076F              50
                         007A0-007EF              50
                         00820-0086F              50
                         008A0-008EF              50
                         00920-0096F              50
                         009A0-009EF              50
                         00A20-00A6F              50
                         00AA0-00AEF              50
                         00B20-00B6F              50
                         00BA0-00BEF              50
                         00C20-00C6F              50
                         00CA0-00CBF              20
        SFR0             00000-0001F              20           1
        SFR1             00080-0009F              20           1
        SFR10            00500-0051F              20           1
        SFR11            00580-0059F              20           1
        SFR12            00600-0061F              20           1
        SFR13            00680-0069F              20           1
        SFR14            00700-0071F              20           1
        SFR15            00780-0079F              20           1
        SFR16            00800-0081F              20           1
        SFR17            00880-0089F              20           1
        SFR18            00900-0091F              20           1
        SFR19            00980-0099F              20           1
        SFR2             00100-0011F              20           1
        SFR20            00A00-00A1F              20           1
        SFR21            00A80-00A9F              20           1
        SFR22            00B00-00B1F              20           1
        SFR23            00B80-00B9F              20           1
        SFR24            00C00-00C1F              20           1
        SFR25            00C80-00C9F              20           1
        SFR26            00D00-00D6F              70           1
        SFR27            00D80-00DEF              70           1
        SFR28            00E00-00E6F              70           1
        SFR29            00E80-00EEF              70           1
        SFR3             00180-0019F              20           1
        SFR30            00F00-00F6F              70           1
        SFR31            00F80-00FEF              70           1
        SFR4             00200-0021F              20           1
        SFR5             00280-0029F              20           1
        SFR6             00300-0031F              20           1
        SFR7             00380-0039F              20           1
        SFR8             00400-0041F              20           1
        SFR9             00480-0049F              20           1
        STACK            0218B-027EF             665           1
        STRCODE          00004-000CB              C8           2
                         00804-03FFF            37FC
        STRING           00004-000CB              C8           2
                         00804-03FFF             100

                                  Symbol Table

?_FLASH_Read                                   cstackCOMMON 00070
ClearArray@array                               cstackCOMMON 00070
ClearArray@i                                   cstackCOMMON 00075
ClearArray@len                                 cstackCOMMON 00072
DefineError@send_frame                         cstackCOMMON 00071
EUSART_SetErrorHandler@interruptHandler        cstackCOMMON 00070
EUSART_SetFramingErrorHandler@interruptHandler cstackCOMMON 00070
EUSART_SetOverrunErrorHandler@interruptHandler cstackCOMMON 00070
EUSART_Write@txData                            cstackCOMMON 00070
ExtUpgrade@addr                                cstackBANK0  00066
ExtUpgrade@buf_from_serial_mem                 cstackBANK2  00120
ExtUpgrade@command_to_read                     cstackBANK0  00062
ExtUpgrade@data_to_flash                       cstackBANK1  000A0
ExtUpgrade@i                                   cstackCOMMON 0007C
ExtUpgrade@k                                   cstackBANK0  00068
FLASH_Read@INR_state                           cstackCOMMON 00074
FLASH_Read@addr                                cstackCOMMON 00070
FLASH_Write@INR_state                          cstackCOMMON 00079
FLASH_Write@buffer                             cstackCOMMON 00070
FLASH_Write@i                                  cstackCOMMON 0007C
FLASH_Write@writeAddr                          cstackCOMMON 0007A
ReadBootloaderFlags@buf                        cstackBANK0  00020
ReadBootloaderFlags@dbyte                      cstackBANK0  00060
ReadBootloaderFlags@def_addr                   cstackBANK0  00062
ReadBootloaderFlags@i                          cstackBANK0  00064
ReadFromMem@dbyte                              cstackBANK0  00023
ReadFromMem@def_addr                           cstackBANK0  00020
ReadFromMem@i                                  cstackBANK0  00025
ReadFromMem@recv_frame                         cstackBANK0  00022
ReadFromMem@send_frame                         cstackCOMMON 00075
ReadFromSerialEEPROM@SPI1                      cstackBANK0  00060
ReadFromSerialEEPROM@buffer                    cstackBANK0  00020
ReadFromSerialEEPROM@i                         cstackBANK0  00061
ReadFromSerialEEPROM@recv_frame                cstackCOMMON 00076
ReadFromSerialEEPROM@send_frame                cstackCOMMON 00078
SPI_ExchangeByte@data                          cstackCOMMON 00070
SPI_Open@spiUniqueConfiguration                cstackCOMMON 00073
SPI_ReadBlock@block                            cstackCOMMON 00074
SPI_ReadBlock@blockSize                        cstackCOMMON 00071
SPI_ReadBlock@data                             cstackCOMMON 00075
SPI_WriteBlock@block                           cstackCOMMON 00075
SPI_WriteBlock@blockSize                       cstackCOMMON 00071
SPI_WriteBlock@data                            cstackCOMMON 00074
UART_dataWrite@data_ptr                        cstackCOMMON 00071
UART_dataWrite@i                               cstackCOMMON 00076
UART_dataWrite@size                            cstackCOMMON 00073
UART_preamFound@byte                           cstackCOMMON 00071
WriteBootloaderFlags@buf                       cstackBANK0  00020
WriteBootloaderFlags@dbyte                     cstackBANK0  00066
WriteBootloaderFlags@def_addr                  cstackBANK0  00064
WriteBootloaderFlags@i                         cstackBANK0  00068
WriteToMem@recv_frame                          cstackBANK0  00021
WriteToMem@result                              cstackBANK0  00022
WriteToMem@send_frame                          cstackCOMMON 0007D
WriteToSerialEEPROM@SPI1                       cstackBANK0  00063
WriteToSerialEEPROM@buffer                     cstackBANK0  00020
WriteToSerialEEPROM@i                          cstackBANK0  00064
WriteToSerialEEPROM@recv_frame                 cstackBANK0  00065
WriteToSerialEEPROM@send_frame                 cstackCOMMON 00076
_ANSELA                                        (abs)        0018C
_ANSELB                                        (abs)        0018D
_ANSELC                                        (abs)        0018E
_ANSELD                                        (abs)        0018F
_ANSELE                                        (abs)        00190
_APFCON1                                       (abs)        0011D
_APFCON2                                       (abs)        0011C
_BAUD1CON                                      (abs)        0019F
_BLFlags                                       bssBANK4     00264
_BORCON                                        (abs)        00116
_ClearArray                                    text35       00174
_DefineError                                   text36       00161
_EEADRH                                        (abs)        00192
_EEADRL                                        (abs)        00191
_EECON1bits                                    (abs)        00195
_EECON2                                        (abs)        00196
_EEDATH                                        (abs)        00194
_EEDATL                                        (abs)        00193
_EUSART_DefaultErrorHandler                    (abs)        00000
_EUSART_DefaultFramingErrorHandler             (abs)        00000
_EUSART_DefaultOverrunErrorHandler             (abs)        00000
_EUSART_ErrorHandler                           nvBANK1      000E4
_EUSART_FramingErrorHandler                    nvBANK1      000E8
_EUSART_Initialize                             text16       001E3
_EUSART_OverrunErrorHandler                    nvBANK1      000E6
_EUSART_Read                                   text9        00142
_EUSART_SetErrorHandler                        text19       000E4
_EUSART_SetFramingErrorHandler                 text18       000EA
_EUSART_SetOverrunErrorHandler                 text17       000F0
_EUSART_Write                                  text28       00110
_EUSART_is_rx_ready                            text7        000DF
_EUSART_is_tx_done                             text27       000CF
_EUSART_is_tx_ready                            text26       00133
_EUSART_is_tx_ready$167                        cstackCOMMON 00070
_ExtUpgrade                                    text24       00444
_FLASH_Read                                    text22       0022A
_FLASH_Write                                   text4        00569
_INLVLA                                        (abs)        0038C
_INLVLB                                        (abs)        0038D
_INLVLC                                        (abs)        0038E
_INLVLD                                        (abs)        0038F
_INLVLE                                        (abs)        00390
_INTCONbits                                    (abs)        0000B
_KeyBLRequired                                 text23       000FE
_LATA                                          (abs)        0010C
_LATAbits                                      (abs)        0010C
_LATB                                          (abs)        0010D
_LATC                                          (abs)        0010E
_LATD                                          (abs)        0010F
_LATE                                          (abs)        00110
_LATEbits                                      (abs)        00110
_ODCONA                                        (abs)        0028C
_ODCONB                                        (abs)        0028D
_ODCONC                                        (abs)        0028E
_ODCOND                                        (abs)        0028F
_ODCONE                                        (abs)        00290
_OPTION_REGbits                                (abs)        00095
_OSCCON                                        (abs)        00099
_OSCILLATOR_Initialize                         text15       000F6
_OSCSTAT                                       (abs)        0009A
_OSCTUNE                                       (abs)        00098
_PIN_MANAGER_Initialize                        text14       00285
_PIR1bits                                      (abs)        00011
_PORTBbits                                     (abs)        0000D
_RC1REG                                        (abs)        00199
_RC1STA                                        (abs)        0019D
_RC1STAbits                                    (abs)        0019D
_ReadBootloaderFlags                           text21       003D8
_ReadFromMem                                   text20       004CD
_ReadFromSerialEEPROM                          text29       00311
_SLRCONA                                       (abs)        0030C
_SLRCONB                                       (abs)        0030D
_SLRCONC                                       (abs)        0030E
_SLRCOND                                       (abs)        0030F
_SLRCONE                                       (abs)        00310
_SP1BRGH                                       (abs)        0019C
_SP1BRGL                                       (abs)        0019B
_SPI_Close                                     text34       000CC
_SPI_ExchangeByte                              text32       00126
_SPI_Initialize                                text13       0011A
_SPI_Open                                      text33       002C2
_SPI_ReadBlock                                 text31       001C2
_SPI_WriteBlock                                text30       001A4
_SSP1ADD                                       (abs)        00212
_SSP1BUF                                       (abs)        00211
_SSP1CON1                                      (abs)        00215
_SSP1CON1bits                                  (abs)        00215
_SSP1CON2                                      (abs)        00216
_SSP1STAT                                      (abs)        00214
_SYSTEM_Initialize                             text11       00151
_StartApp                                      text10       000D7
_TRISA                                         (abs)        0008C
_TRISB                                         (abs)        0008D
_TRISC                                         (abs)        0008E
_TRISCbits                                     (abs)        0008E
_TRISD                                         (abs)        0008F
_TRISE                                         (abs)        00090
_TX1REG                                        (abs)        0019A
_TX1STA                                        (abs)        0019E
_TX1STAbits                                    (abs)        0019E
_UART_byteRead                                 text8        000DB
_UART_dataWrite                                text25       00253
_UART_preamFound                               text6        0018C
_UnlockFlashWrite                              text5        00107
_WDTCON                                        (abs)        00097
_WDT_Initialize                                text12       000D3
_WPUA                                          (abs)        0020C
_WPUB                                          (abs)        0020D
_WPUC                                          (abs)        0020E
_WPUD                                          (abs)        0020F
_WPUE                                          (abs)        00210
_WriteBootloaderFlags                          text3        00372
_WriteToMem                                    text2        00206
_WriteToSerialEEPROM                           text1        00615
__Habs1                                        abs1         00000
__Hbank0                                       bank0        00000
__Hbank1                                       bank1        00000
__Hbank10                                      bank10       00000
__Hbank11                                      bank11       00000
__Hbank12                                      bank12       00000
__Hbank13                                      bank13       00000
__Hbank14                                      bank14       00000
__Hbank15                                      bank15       00000
__Hbank16                                      bank16       00000
__Hbank17                                      bank17       00000
__Hbank18                                      bank18       00000
__Hbank19                                      bank19       00000
__Hbank2                                       bank2        00000
__Hbank20                                      bank20       00000
__Hbank21                                      bank21       00000
__Hbank22                                      bank22       00000
__Hbank23                                      bank23       00000
__Hbank24                                      bank24       00000
__Hbank25                                      bank25       00000
__Hbank26                                      bank26       00000
__Hbank27                                      bank27       00000
__Hbank28                                      bank28       00000
__Hbank29                                      bank29       00000
__Hbank3                                       bank3        00000
__Hbank30                                      bank30       00000
__Hbank31                                      bank31       00000
__Hbank4                                       bank4        00000
__Hbank5                                       bank5        00000
__Hbank6                                       bank6        00000
__Hbank7                                       bank7        00000
__Hbank8                                       bank8        00000
__Hbank9                                       bank9        00000
__Hbigram                                      bigram       00000
__HbssBANK0                                    bssBANK0     00000
__HbssBANK4                                    bssBANK4     00000
__Hcinit                                       cinit        00800
__Hclrtext                                     clrtext      00000
__Hcode                                        code         00000
__Hcommon                                      common       00000
__Hconfig                                      config       08009
__HcstackBANK0                                 cstackBANK0  00000
__HcstackBANK1                                 cstackBANK1  00000
__HcstackBANK2                                 cstackBANK2  00000
__HcstackBANK3                                 cstackBANK3  00000
__HcstackBANK4                                 cstackBANK4  00000
__HcstackCOMMON                                cstackCOMMON 00000
__Heeprom_data                                 eeprom_data  00000
__Hend_init                                    end_init     00004
__Hfunctab                                     functab      00000
__Hinit                                        init         00002
__Hintentry                                    intentry     00002
__Hmaintext                                    maintext     00000
__HnvBANK1                                     nvBANK1      00000
__Hpowerup                                     powerup      00000
__Hram                                         ram          00000
__Hreset_vec                                   reset_vec    00002
__Hsfr0                                        sfr0         00000
__Hsfr1                                        sfr1         00000
__Hsfr10                                       sfr10        00000
__Hsfr11                                       sfr11        00000
__Hsfr12                                       sfr12        00000
__Hsfr13                                       sfr13        00000
__Hsfr14                                       sfr14        00000
__Hsfr15                                       sfr15        00000
__Hsfr16                                       sfr16        00000
__Hsfr17                                       sfr17        00000
__Hsfr18                                       sfr18        00000
__Hsfr19                                       sfr19        00000
__Hsfr2                                        sfr2         00000
__Hsfr20                                       sfr20        00000
__Hsfr21                                       sfr21        00000
__Hsfr22                                       sfr22        00000
__Hsfr23                                       sfr23        00000
__Hsfr24                                       sfr24        00000
__Hsfr25                                       sfr25        00000
__Hsfr26                                       sfr26        00000
__Hsfr27                                       sfr27        00000
__Hsfr28                                       sfr28        00000
__Hsfr29                                       sfr29        00000
__Hsfr3                                        sfr3         00000
__Hsfr30                                       sfr30        00000
__Hsfr31                                       sfr31        00000
__Hsfr4                                        sfr4         00000
__Hsfr5                                        sfr5         00000
__Hsfr6                                        sfr6         00000
__Hsfr7                                        sfr7         00000
__Hsfr8                                        sfr8         00000
__Hsfr9                                        sfr9         00000
__Hspace_0                                     (abs)        00804
__Hspace_1                                     (abs)        0026B
__Hspace_2                                     (abs)        00000
__Hspace_3                                     (abs)        00000
__Hspace_4                                     (abs)        10010
__Hstack                                       stack        00000
__Hstrings                                     strings      00000
__Hstringtext1                                 stringtext1  00000
__Htext                                        text         00000
__Labs1                                        abs1         00000
__Lbank0                                       bank0        00000
__Lbank1                                       bank1        00000
__Lbank10                                      bank10       00000
__Lbank11                                      bank11       00000
__Lbank12                                      bank12       00000
__Lbank13                                      bank13       00000
__Lbank14                                      bank14       00000
__Lbank15                                      bank15       00000
__Lbank16                                      bank16       00000
__Lbank17                                      bank17       00000
__Lbank18                                      bank18       00000
__Lbank19                                      bank19       00000
__Lbank2                                       bank2        00000
__Lbank20                                      bank20       00000
__Lbank21                                      bank21       00000
__Lbank22                                      bank22       00000
__Lbank23                                      bank23       00000
__Lbank24                                      bank24       00000
__Lbank25                                      bank25       00000
__Lbank26                                      bank26       00000
__Lbank27                                      bank27       00000
__Lbank28                                      bank28       00000
__Lbank29                                      bank29       00000
__Lbank3                                       bank3        00000
__Lbank30                                      bank30       00000
__Lbank31                                      bank31       00000
__Lbank4                                       bank4        00000
__Lbank5                                       bank5        00000
__Lbank6                                       bank6        00000
__Lbank7                                       bank7        00000
__Lbank8                                       bank8        00000
__Lbank9                                       bank9        00000
__Lbigram                                      bigram       00000
__LbssBANK0                                    bssBANK0     00000
__LbssBANK4                                    bssBANK4     00000
__Lcinit                                       cinit        007F3
__Lclrtext                                     clrtext      00000
__Lcode                                        code         00000
__Lcommon                                      common       00000
__Lconfig                                      config       00000
__LcstackBANK0                                 cstackBANK0  00000
__LcstackBANK1                                 cstackBANK1  00000
__LcstackBANK2                                 cstackBANK2  00000
__LcstackBANK3                                 cstackBANK3  00000
__LcstackBANK4                                 cstackBANK4  00000
__LcstackCOMMON                                cstackCOMMON 00000
__Leeprom_data                                 eeprom_data  00000
__Lend_init                                    end_init     00002
__Lfunctab                                     functab      00000
__Linit                                        init         00002
__Lintentry                                    intentry     00002
__Lmaintext                                    maintext     00000
__LnvBANK1                                     nvBANK1      00000
__Lpowerup                                     powerup      00000
__Lram                                         ram          00000
__Lreset_vec                                   reset_vec    00000
__Lsfr0                                        sfr0         00000
__Lsfr1                                        sfr1         00000
__Lsfr10                                       sfr10        00000
__Lsfr11                                       sfr11        00000
__Lsfr12                                       sfr12        00000
__Lsfr13                                       sfr13        00000
__Lsfr14                                       sfr14        00000
__Lsfr15                                       sfr15        00000
__Lsfr16                                       sfr16        00000
__Lsfr17                                       sfr17        00000
__Lsfr18                                       sfr18        00000
__Lsfr19                                       sfr19        00000
__Lsfr2                                        sfr2         00000
__Lsfr20                                       sfr20        00000
__Lsfr21                                       sfr21        00000
__Lsfr22                                       sfr22        00000
__Lsfr23                                       sfr23        00000
__Lsfr24                                       sfr24        00000
__Lsfr25                                       sfr25        00000
__Lsfr26                                       sfr26        00000
__Lsfr27                                       sfr27        00000
__Lsfr28                                       sfr28        00000
__Lsfr29                                       sfr29        00000
__Lsfr3                                        sfr3         00000
__Lsfr30                                       sfr30        00000
__Lsfr31                                       sfr31        00000
__Lsfr4                                        sfr4         00000
__Lsfr5                                        sfr5         00000
__Lsfr6                                        sfr6         00000
__Lsfr7                                        sfr7         00000
__Lsfr8                                        sfr8         00000
__Lsfr9                                        sfr9         00000
__Lspace_0                                     (abs)        00000
__Lspace_1                                     (abs)        00000
__Lspace_2                                     (abs)        00000
__Lspace_3                                     (abs)        00000
__Lspace_4                                     (abs)        00000
__Lstack                                       stack        00000
__Lstrings                                     strings      00000
__Lstringtext1                                 stringtext1  00000
__Ltext                                        text         00000
__S0                                           (abs)        00804
__S1                                           (abs)        0026B
__S2                                           (abs)        00000
__S3                                           (abs)        00000
___int_sp                                      stack        00000
___latbits                                     (abs)        00003
___sp                                          stack        00000
___stackhi                                     (abs)        027EF
___stacklo                                     (abs)        0218B
__end_of_ClearArray                            text35       0018C
__end_of_DefineError                           text36       00174
__end_of_EUSART_Initialize                     text16       00206
__end_of_EUSART_Read                           text9        00151
__end_of_EUSART_SetErrorHandler                text19       000EA
__end_of_EUSART_SetFramingErrorHandler         text18       000F0
__end_of_EUSART_SetOverrunErrorHandler         text17       000F6
__end_of_EUSART_Write                          text28       0011A
__end_of_EUSART_is_rx_ready                    text7        000E4
__end_of_EUSART_is_tx_done                     text27       000D3
__end_of_EUSART_is_tx_ready                    text26       00142
__end_of_ExtUpgrade                            text24       004CD
__end_of_FLASH_Read                            text22       00253
__end_of_FLASH_Write                           text4        00615
__end_of_KeyBLRequired                         text23       00107
__end_of_OSCILLATOR_Initialize                 text15       000FE
__end_of_PIN_MANAGER_Initialize                text14       002C2
__end_of_ReadBootloaderFlags                   text21       00444
__end_of_ReadFromMem                           text20       00569
__end_of_ReadFromSerialEEPROM                  text29       00372
__end_of_SPI_Close                             text34       000CF
__end_of_SPI_ExchangeByte                      text32       00133
__end_of_SPI_Initialize                        text13       00126
__end_of_SPI_Open                              text33       00311
__end_of_SPI_ReadBlock                         text31       001E3
__end_of_SPI_WriteBlock                        text30       001C2
__end_of_SYSTEM_Initialize                     text11       00161
__end_of_StartApp                              text10       000DB
__end_of_UART_byteRead                         text8        000DF
__end_of_UART_dataWrite                        text25       00285
__end_of_UART_preamFound                       text6        001A4
__end_of_UnlockFlashWrite                      text5        00110
__end_of_WDT_Initialize                        text12       000D7
__end_of_WriteBootloaderFlags                  text3        003D8
__end_of_WriteToMem                            text2        0022A
__end_of_WriteToSerialEEPROM                   text1        006C9
__end_of__initialization                       cinit        007FD
__end_of_main                                  maintext     007F3
__end_of_spi_configuration                     stringtext1  00804
__initialization                               cinit        007F3
__pbssBANK0                                    bssBANK0     0006F
__pbssBANK4                                    bssBANK4     00264
__pcstackBANK0                                 cstackBANK0  00020
__pcstackBANK1                                 cstackBANK1  000A0
__pcstackBANK2                                 cstackBANK2  00120
__pcstackBANK3                                 cstackBANK3  001A0
__pcstackBANK4                                 cstackBANK4  00220
__pcstackCOMMON                                cstackCOMMON 00070
__pmaintext                                    maintext     006C9
__pnvBANK1                                     nvBANK1      000E4
__pstringtext1                                 stringtext1  00800
__ptext1                                       text1        00615
__ptext10                                      text10       000D7
__ptext11                                      text11       00151
__ptext12                                      text12       000D3
__ptext13                                      text13       0011A
__ptext14                                      text14       00285
__ptext15                                      text15       000F6
__ptext16                                      text16       001E3
__ptext17                                      text17       000F0
__ptext18                                      text18       000EA
__ptext19                                      text19       000E4
__ptext2                                       text2        00206
__ptext20                                      text20       004CD
__ptext21                                      text21       003D8
__ptext22                                      text22       0022A
__ptext23                                      text23       000FE
__ptext24                                      text24       00444
__ptext25                                      text25       00253
__ptext26                                      text26       00133
__ptext27                                      text27       000CF
__ptext28                                      text28       00110
__ptext29                                      text29       00311
__ptext3                                       text3        00372
__ptext30                                      text30       001A4
__ptext31                                      text31       001C2
__ptext32                                      text32       00126
__ptext33                                      text33       002C2
__ptext34                                      text34       000CC
__ptext35                                      text35       00174
__ptext36                                      text36       00161
__ptext4                                       text4        00569
__ptext5                                       text5        00107
__ptext6                                       text6        0018C
__ptext7                                       text7        000DF
__ptext8                                       text8        000DB
__ptext9                                       text9        00142
__size_of_ClearArray                           (abs)        00000
__size_of_DefineError                          (abs)        00000
__size_of_EUSART_Initialize                    (abs)        00000
__size_of_EUSART_Read                          (abs)        00000
__size_of_EUSART_SetErrorHandler               (abs)        00000
__size_of_EUSART_SetFramingErrorHandler        (abs)        00000
__size_of_EUSART_SetOverrunErrorHandler        (abs)        00000
__size_of_EUSART_Write                         (abs)        00000
__size_of_EUSART_is_rx_ready                   (abs)        00000
__size_of_EUSART_is_tx_done                    (abs)        00000
__size_of_EUSART_is_tx_ready                   (abs)        00000
__size_of_ExtUpgrade                           (abs)        00000
__size_of_FLASH_Read                           (abs)        00000
__size_of_FLASH_Write                          (abs)        00000
__size_of_KeyBLRequired                        (abs)        00000
__size_of_OSCILLATOR_Initialize                (abs)        00000
__size_of_PIN_MANAGER_Initialize               (abs)        00000
__size_of_ReadBootloaderFlags                  (abs)        00000
__size_of_ReadFromMem                          (abs)        00000
__size_of_ReadFromSerialEEPROM                 (abs)        00000
__size_of_SPI_Close                            (abs)        00000
__size_of_SPI_ExchangeByte                     (abs)        00000
__size_of_SPI_Initialize                       (abs)        00000
__size_of_SPI_Open                             (abs)        00000
__size_of_SPI_ReadBlock                        (abs)        00000
__size_of_SPI_WriteBlock                       (abs)        00000
__size_of_SYSTEM_Initialize                    (abs)        00000
__size_of_StartApp                             (abs)        00000
__size_of_UART_byteRead                        (abs)        00000
__size_of_UART_dataWrite                       (abs)        00000
__size_of_UART_preamFound                      (abs)        00000
__size_of_UnlockFlashWrite                     (abs)        00000
__size_of_WDT_Initialize                       (abs)        00000
__size_of_WriteBootloaderFlags                 (abs)        00000
__size_of_WriteToMem                           (abs)        00000
__size_of_WriteToSerialEEPROM                  (abs)        00000
__size_of_main                                 (abs)        00000
_eusartRxLastError                             bssBANK0     0006F
_main                                          maintext     006C9
_spi_configuration                             stringtext1  00800
btemp                                          (abs)        0007E
end_of_initialization                          cinit        007FD
intlevel0                                      functab      00000
intlevel1                                      functab      00000
intlevel2                                      functab      00000
intlevel3                                      functab      00000
intlevel4                                      functab      00000
intlevel5                                      functab      00000
main@i                                         cstackBANK0  0006D
main@processing_status                         cstackBANK0  0006E
main@recv_frame                                cstackBANK4  00220
main@send_frame                                cstackBANK3  001A0
reset_vec                                      reset_vec    00000
start                                          init         00002
start_initialization                           cinit        007F3
wtemp0                                         (abs)        0007E


FUNCTION INFORMATION:

 *************** function _main *****************
 Defined at:
		line 49 in file "main.c"
 Parameters:    Size  Location     Type
		None
 Auto vars:     Size  Location     Type
  recv_frame     68    0[BANK4 ] unsigned char [68]
  send_frame     66    0[BANK3 ] unsigned char [66]
  processing_s    1   78[BANK0 ] _Bool 
  i               1   77[BANK0 ] unsigned char 
  byte            1    0        unsigned char 
 Return value:  Size  Location     Type
                  1    wreg      void 
 Registers used:
		wreg, fsr0l, fsr0h, fsr1l, fsr1h, status,2, status,0, pclath, cstack
 Tracked objects:
		On entry : 
		On exit  : 
		Unchanged: 
 Data sizes:     COMMON   BANK0   BANK1   BANK2   BANK3   BANK4   BANK5   BANK6   BANK7   BANK8   BANK9  BANK10  BANK11  BANK12  BANK13  BANK14  BANK15  BANK16  BANK17  BANK18  BANK19  BANK20  BANK21  BANK22  BANK23  BANK24  BANK25
      Params:         0       0       0       0       0       0       0       0       0       0       0       0       0       0       0       0       0       0       0       0       0       0       0       0       0       0       0
      Locals:         0       3       0       0      66      68       0       0       0       0       0       0       0       0       0       0       0       0       0       0       0       0       0       0       0       0       0
      Temps:          0       2       0       0       0       0       0       0       0       0       0       0       0       0       0       0       0       0       0       0       0       0       0       0       0       0       0
      Totals:         0       5       0       0      66      68       0       0       0       0       0       0       0       0       0       0       0       0       0       0       0       0       0       0       0       0       0
Total ram usage:      139 bytes
 Hardware stack levels required when called:    4
 This function calls:
		_ClearArray
		_DefineError
		_ExtUpgrade
		_KeyBLRequired
		_ReadBootloaderFlags
		_ReadFromMem
		_ReadFromSerialEEPROM
		_SYSTEM_Initialize
		_StartApp
		_UART_byteRead
		_UART_dataWrite
		_UART_preamFound
		_WriteBootloaderFlags
		_WriteToMem
		_WriteToSerialEEPROM
 This function is called by:
		Startup code after reset
 This function uses a non-reentrant model


 *************** function _WriteToSerialEEPROM *****************
 Defined at:
		line 31 in file "apps/src/eeprom_25lc512.c"
 Parameters:    Size  Location     Type
  recv_frame      1    wreg     PTR unsigned char 
		 -> main@recv_frame(68), 
  send_frame      1    6[COMMON] PTR unsigned char 
		 -> main@send_frame(66), 
 Auto vars:     Size  Location     Type
  recv_frame      1   69[BANK0 ] PTR unsigned char 
		 -> main@recv_frame(68), 
  buffer         67    0[BANK0 ] unsigned char [67]
  i               1   68[BANK0 ] unsigned char 
  SPI1            1   67[BANK0 ] enum E6331
 Return value:  Size  Location     Type
                  1    wreg      _Bool 
 Registers used:
		wreg, fsr0l, fsr0h, fsr1l, fsr1h, status,2, status,0, pclath, cstack
 Tracked objects:
		On entry : 
		On exit  : 
		Unchanged: 
 Data sizes:     COMMON   BANK0   BANK1   BANK2   BANK3   BANK4   BANK5   BANK6   BANK7   BANK8   BANK9  BANK10  BANK11  BANK12  BANK13  BANK14  BANK15  BANK16  BANK17  BANK18  BANK19  BANK20  BANK21  BANK22  BANK23  BANK24  BANK25
      Params:         1       0       0       0       0       0       0       0       0       0       0       0       0       0       0       0       0       0       0       0       0       0       0       0       0       0       0
      Locals:         0      70       0       0       0       0       0       0       0       0       0       0       0       0       0       0       0       0       0       0       0       0       0       0       0       0       0
      Temps:          2       0       0       0       0       0       0       0       0       0       0       0       0       0       0       0       0       0       0       0       0       0       0       0       0       0       0
      Totals:         3      70       0       0       0       0       0       0       0       0       0       0       0       0       0       0       0       0       0       0       0       0       0       0       0       0       0
Total ram usage:       73 bytes
 Hardware stack levels used:    1
 Hardware stack levels required when called:    2
 This function calls:
		_SPI_Close
		_SPI_Open
		_SPI_WriteBlock
 This function is called by:
		_main
 This function uses a non-reentrant model


 *************** function _WriteToMem *****************
 Defined at:
		line 67 in file "apps/src/bootloader.c"
 Parameters:    Size  Location     Type
  recv_frame      1    wreg     PTR unsigned char 
		 -> main@recv_frame(68), 
  send_frame      1   13[COMMON] PTR unsigned char 
		 -> main@send_frame(66), 
 Auto vars:     Size  Location     Type
  recv_frame      1    1[BANK0 ] PTR unsigned char 
		 -> main@recv_frame(68), 
  result          1    2[BANK0 ] _Bool 
 Return value:  Size  Location     Type
                  1    wreg      _Bool 
 Registers used:
		wreg, fsr1l, fsr1h, status,2, status,0, pclath, cstack
 Tracked objects:
		On entry : 
		On exit  : 
		Unchanged: 
 Data sizes:     COMMON   BANK0   BANK1   BANK2   BANK3   BANK4   BANK5   BANK6   BANK7   BANK8   BANK9  BANK10  BANK11  BANK12  BANK13  BANK14  BANK15  BANK16  BANK17  BANK18  BANK19  BANK20  BANK21  BANK22  BANK23  BANK24  BANK25
      Params:         1       0       0       0       0       0       0       0       0       0       0       0       0       0       0       0       0       0       0       0       0       0       0       0       0       0       0
      Locals:         0       2       0       0       0       0       0       0       0       0       0       0       0       0       0       0       0       0       0       0       0       0       0       0       0       0       0
      Temps:          0       1       0       0       0       0       0       0       0       0       0       0       0       0       0       0       0       0       0       0       0       0       0       0       0       0       0
      Totals:         1       3       0       0       0       0       0       0       0       0       0       0       0       0       0       0       0       0       0       0       0       0       0       0       0       0       0
Total ram usage:        4 bytes
 Hardware stack levels used:    1
 Hardware stack levels required when called:    2
 This function calls:
		_FLASH_Write
 This function is called by:
		_main
 This function uses a non-reentrant model


 *************** function _WriteBootloaderFlags *****************
 Defined at:
		line 156 in file "apps/src/memory.c"
 Parameters:    Size  Location     Type
		None
 Auto vars:     Size  Location     Type
  buf            68    0[BANK0 ] unsigned char [68]
  dbyte           2   70[BANK0 ] unsigned short 
  def_addr        2   68[BANK0 ] unsigned short 
  i               1   72[BANK0 ] unsigned char 
 Return value:  Size  Location     Type
                  1    wreg      void 
 Registers used:
		wreg, fsr1l, fsr1h, status,2, status,0, pclath, cstack
 Tracked objects:
		On entry : 
		On exit  : 
		Unchanged: 
 Data sizes:     COMMON   BANK0   BANK1   BANK2   BANK3   BANK4   BANK5   BANK6   BANK7   BANK8   BANK9  BANK10  BANK11  BANK12  BANK13  BANK14  BANK15  BANK16  BANK17  BANK18  BANK19  BANK20  BANK21  BANK22  BANK23  BANK24  BANK25
      Params:         0       0       0       0       0       0       0       0       0       0       0       0       0       0       0       0       0       0       0       0       0       0       0       0       0       0       0
      Locals:         0      73       0       0       0       0       0       0       0       0       0       0       0       0       0       0       0       0       0       0       0       0       0       0       0       0       0
      Temps:          1       0       0       0       0       0       0       0       0       0       0       0       0       0       0       0       0       0       0       0       0       0       0       0       0       0       0
      Totals:         1      73       0       0       0       0       0       0       0       0       0       0       0       0       0       0       0       0       0       0       0       0       0       0       0       0       0
Total ram usage:       74 bytes
 Hardware stack levels used:    1
 Hardware stack levels required when called:    2
 This function calls:
		_FLASH_Read
		_FLASH_Write
 This function is called by:
		_main
 This function uses a non-reentrant model


 *************** function _FLASH_Write *****************
 Defined at:
		line 75 in file "apps/src/memory.c"
 Parameters:    Size  Location     Type
  buffer          2    0[COMMON] PTR unsigned char 
		 -> WriteBootloaderFlags@buf(68), main@recv_frame(68), 
 Auto vars:     Size  Location     Type
  writeAddr       2   10[COMMON] unsigned short 
  i               1   12[COMMON] unsigned char 
  INR_state       1    9[COMMON] unsigned char 
 Return value:  Size  Location     Type
                  1    wreg      _Bool 
 Registers used:
		wreg, fsr1l, fsr1h, status,2, status,0, pclath, cstack
 Tracked objects:
		On entry : 
		On exit  : 
		Unchanged: 
 Data sizes:     COMMON   BANK0   BANK1   BANK2   BANK3   BANK4   BANK5   BANK6   BANK7   BANK8   BANK9  BANK10  BANK11  BANK12  BANK13  BANK14  BANK15  BANK16  BANK17  BANK18  BANK19  BANK20  BANK21  BANK22  BANK23  BANK24  BANK25
      Params:         2       0       0       0       0       0       0       0       0       0       0       0       0       0       0       0       0       0       0       0       0       0       0       0       0       0       0
      Locals:         4       0       0       0       0       0       0       0       0       0       0       0       0       0       0       0       0       0       0       0       0       0       0       0       0       0       0
      Temps:          7       0       0       0       0       0       0       0       0       0       0       0       0       0       0       0       0       0       0       0       0       0       0       0       0       0       0
      Totals:        13       0       0       0       0       0       0       0       0       0       0       0       0       0       0       0       0       0       0       0       0       0       0       0       0       0       0
Total ram usage:       13 bytes
 Hardware stack levels used:    1
 Hardware stack levels required when called:    1
 This function calls:
		_UnlockFlashWrite
 This function is called by:
		_WriteToMem
		_WriteBootloaderFlags
 This function uses a non-reentrant model


 *************** function _UnlockFlashWrite *****************
 Defined at:
		line 44 in file "apps/src/memory.c"
 Parameters:    Size  Location     Type
		None
 Auto vars:     Size  Location     Type
		None
 Return value:  Size  Location     Type
                  1    wreg      void 
 Registers used:
		wreg
 Tracked objects:
		On entry : 
		On exit  : 
		Unchanged: 
 Data sizes:     COMMON   BANK0   BANK1   BANK2   BANK3   BANK4   BANK5   BANK6   BANK7   BANK8   BANK9  BANK10  BANK11  BANK12  BANK13  BANK14  BANK15  BANK16  BANK17  BANK18  BANK19  BANK20  BANK21  BANK22  BANK23  BANK24  BANK25
      Params:         0       0       0       0       0       0       0       0       0       0       0       0       0       0       0       0       0       0       0       0       0       0       0       0       0       0       0
      Locals:         0       0       0       0       0       0       0       0       0       0       0       0       0       0       0       0       0       0       0       0       0       0       0       0       0       0       0
      Temps:          0       0       0       0       0       0       0       0       0       0       0       0       0       0       0       0       0       0       0       0       0       0       0       0       0       0       0
      Totals:         0       0       0       0       0       0       0       0       0       0       0       0       0       0       0       0       0       0       0       0       0       0       0       0       0       0       0
Total ram usage:        0 bytes
 Hardware stack levels used:    1
 This function calls:
		Nothing
 This function is called by:
		_FLASH_Write
 This function uses a non-reentrant model


 *************** function _UART_preamFound *****************
 Defined at:
		line 23 in file "apps/src/serial.c"
 Parameters:    Size  Location     Type
		None
 Auto vars:     Size  Location     Type
  byte            1    1[COMMON] unsigned char 
 Return value:  Size  Location     Type
                  1    wreg      _Bool 
 Registers used:
		wreg, status,2, status,0, pclath, cstack
 Tracked objects:
		On entry : 
		On exit  : 
		Unchanged: 
 Data sizes:     COMMON   BANK0   BANK1   BANK2   BANK3   BANK4   BANK5   BANK6   BANK7   BANK8   BANK9  BANK10  BANK11  BANK12  BANK13  BANK14  BANK15  BANK16  BANK17  BANK18  BANK19  BANK20  BANK21  BANK22  BANK23  BANK24  BANK25
      Params:         0       0       0       0       0       0       0       0       0       0       0       0       0       0       0       0       0       0       0       0       0       0       0       0       0       0       0
      Locals:         1       0       0       0       0       0       0       0       0       0       0       0       0       0       0       0       0       0       0       0       0       0       0       0       0       0       0
      Temps:          1       0       0       0       0       0       0       0       0       0       0       0       0       0       0       0       0       0       0       0       0       0       0       0       0       0       0
      Totals:         2       0       0       0       0       0       0       0       0       0       0       0       0       0       0       0       0       0       0       0       0       0       0       0       0       0       0
Total ram usage:        2 bytes
 Hardware stack levels used:    1
 Hardware stack levels required when called:    1
 This function calls:
		_EUSART_Read
		_EUSART_is_rx_ready
 This function is called by:
		_main
 This function uses a non-reentrant model


 *************** function _EUSART_is_rx_ready *****************
 Defined at:
		line 99 in file "mcc_generated_files/eusart.c"
 Parameters:    Size  Location     Type
		None
 Auto vars:     Size  Location     Type
		None
 Return value:  Size  Location     Type
                  1    wreg      _Bool 
 Registers used:
		wreg, status,2, status,0
 Tracked objects:
		On entry : 
		On exit  : 
		Unchanged: 
 Data sizes:     COMMON   BANK0   BANK1   BANK2   BANK3   BANK4   BANK5   BANK6   BANK7   BANK8   BANK9  BANK10  BANK11  BANK12  BANK13  BANK14  BANK15  BANK16  BANK17  BANK18  BANK19  BANK20  BANK21  BANK22  BANK23  BANK24  BANK25
      Params:         0       0       0       0       0       0       0       0       0       0       0       0       0       0       0       0       0       0       0       0       0       0       0       0       0       0       0
      Locals:         0       0       0       0       0       0       0       0       0       0       0       0       0       0       0       0       0       0       0       0       0       0       0       0       0       0       0
      Temps:          0       0       0       0       0       0       0       0       0       0       0       0       0       0       0       0       0       0       0       0       0       0       0       0       0       0       0
      Totals:         0       0       0       0       0       0       0       0       0       0       0       0       0       0       0       0       0       0       0       0       0       0       0       0       0       0       0
Total ram usage:        0 bytes
 Hardware stack levels used:    1
 This function calls:
		Nothing
 This function is called by:
		_UART_preamFound
 This function uses a non-reentrant model


 *************** function _UART_byteRead *****************
 Defined at:
		line 19 in file "apps/src/serial.c"
 Parameters:    Size  Location     Type
		None
 Auto vars:     Size  Location     Type
		None
 Return value:  Size  Location     Type
                  1    wreg      unsigned char 
 Registers used:
		wreg, status,2, pclath, cstack
 Tracked objects:
		On entry : 
		On exit  : 
		Unchanged: 
 Data sizes:     COMMON   BANK0   BANK1   BANK2   BANK3   BANK4   BANK5   BANK6   BANK7   BANK8   BANK9  BANK10  BANK11  BANK12  BANK13  BANK14  BANK15  BANK16  BANK17  BANK18  BANK19  BANK20  BANK21  BANK22  BANK23  BANK24  BANK25
      Params:         0       0       0       0       0       0       0       0       0       0       0       0       0       0       0       0       0       0       0       0       0       0       0       0       0       0       0
      Locals:         0       0       0       0       0       0       0       0       0       0       0       0       0       0       0       0       0       0       0       0       0       0       0       0       0       0       0
      Temps:          0       0       0       0       0       0       0       0       0       0       0       0       0       0       0       0       0       0       0       0       0       0       0       0       0       0       0
      Totals:         0       0       0       0       0       0       0       0       0       0       0       0       0       0       0       0       0       0       0       0       0       0       0       0       0       0       0
Total ram usage:        0 bytes
 Hardware stack levels used:    1
 Hardware stack levels required when called:    1
 This function calls:
		_EUSART_Read
 This function is called by:
		_main
 This function uses a non-reentrant model


 *************** function _EUSART_Read *****************
 Defined at:
		line 113 in file "mcc_generated_files/eusart.c"
 Parameters:    Size  Location     Type
		None
 Auto vars:     Size  Location     Type
		None
 Return value:  Size  Location     Type
                  1    wreg      unsigned char 
 Registers used:
		wreg, status,2
 Tracked objects:
		On entry : 
		On exit  : 
		Unchanged: 
 Data sizes:     COMMON   BANK0   BANK1   BANK2   BANK3   BANK4   BANK5   BANK6   BANK7   BANK8   BANK9  BANK10  BANK11  BANK12  BANK13  BANK14  BANK15  BANK16  BANK17  BANK18  BANK19  BANK20  BANK21  BANK22  BANK23  BANK24  BANK25
      Params:         0       0       0       0       0       0       0       0       0       0       0       0       0       0       0       0       0       0       0       0       0       0       0       0       0       0       0
      Locals:         0       0       0       0       0       0       0       0       0       0       0       0       0       0       0       0       0       0       0       0       0       0       0       0       0       0       0
      Temps:          0       0       0       0       0       0       0       0       0       0       0       0       0       0       0       0       0       0       0       0       0       0       0       0       0       0       0
      Totals:         0       0       0       0       0       0       0       0       0       0       0       0       0       0       0       0       0       0       0       0       0       0       0       0       0       0       0
Total ram usage:        0 bytes
 Hardware stack levels used:    1
 This function calls:
		Nothing
 This function is called by:
		_UART_byteRead
		_UART_preamFound
 This function uses a non-reentrant model


 *************** function _StartApp *****************
 Defined at:
		line 77 in file "apps/src/bootloader.c"
 Parameters:    Size  Location     Type
		None
 Auto vars:     Size  Location     Type
		None
 Return value:  Size  Location     Type
                  1    wreg      void 
 Registers used:
		None
 Tracked objects:
		On entry : 
		On exit  : 
		Unchanged: 
[...]
		On entry : 
		On exit  : 
		Unchanged: 
 Data sizes:     COMMON   BANK0   BANK1   BANK2   BANK3   BANK4   BANK5   BANK6   BANK7   BANK8   BANK9  BANK10  BANK11  BANK12  BANK13  BANK14  BANK15  BANK16  BANK17  BANK18  BANK19  BANK20  BANK21  BANK22  BANK23  BANK24  BANK25
      Params:         0       0       0       0       0       0       0       0       0       0       0       0       0       0       0       0       0       0       0       0       0       0       0       0       0       0       0
      Locals:         1       0       0       0       0       0       0       0       0       0       0       0       0       0       0       0       0       0       0       0       0       0       0       0       0       0       0
      Temps:          0       0       0       0       0       0       0       0       0       0       0       0       0       0       0       0       0       0       0       0       0       0       0       0       0       0       0
      Totals:         1       0       0       0       0       0       0       0       0       0       0       0       0       0       0       0       0       0       0       0       0       0       0       0       0       0       0
Total ram usage:        1 bytes
 Hardware stack levels used:    1
 This function calls:
		Nothing
 This function is called by:
		_UART_dataWrite
 This function uses a non-reentrant model


 *************** function _ReadFromSerialEEPROM *****************
 Defined at:
		line 4 in file "apps/src/eeprom_25lc512.c"
 Parameters:    Size  Location     Type
  recv_frame      2    6[COMMON] PTR unsigned char 
		 -> ExtUpgrade@command_to_read(4), main@recv_frame(68), 
  send_frame      1    8[COMMON] PTR unsigned char 
		 -> ExtUpgrade@buf_from_serial_mem(66), main@send_frame(66), 
 Auto vars:     Size  Location     Type
  buffer         64    0[BANK0 ] unsigned char [64]
  i               1   65[BANK0 ] unsigned char 
  SPI1            1   64[BANK0 ] enum E6331
 Return value:  Size  Location     Type
                  1    wreg      _Bool 
 Registers used:
		wreg, fsr0l, fsr0h, fsr1l, fsr1h, status,2, status,0, pclath, cstack
 Tracked objects:
		On entry : 
		On exit  : 
		Unchanged: 
 Data sizes:     COMMON   BANK0   BANK1   BANK2   BANK3   BANK4   BANK5   BANK6   BANK7   BANK8   BANK9  BANK10  BANK11  BANK12  BANK13  BANK14  BANK15  BANK16  BANK17  BANK18  BANK19  BANK20  BANK21  BANK22  BANK23  BANK24  BANK25
      Params:         3       0       0       0       0       0       0       0       0       0       0       0       0       0       0       0       0       0       0       0       0       0       0       0       0       0       0
      Locals:         0      66       0       0       0       0       0       0       0       0       0       0       0       0       0       0       0       0       0       0       0       0       0       0       0       0       0
      Temps:          2       0       0       0       0       0       0       0       0       0       0       0       0       0       0       0       0       0       0       0       0       0       0       0       0       0       0
      Totals:         5      66       0       0       0       0       0       0       0       0       0       0       0       0       0       0       0       0       0       0       0       0       0       0       0       0       0
Total ram usage:       71 bytes
 Hardware stack levels used:    1
 Hardware stack levels required when called:    2
 This function calls:
		_SPI_Close
		_SPI_Open
		_SPI_ReadBlock
		_SPI_WriteBlock
 This function is called by:
		_main
		_ExtUpgrade
 This function uses a non-reentrant model


 *************** function _SPI_WriteBlock *****************
 Defined at:
		line 113 in file "mcc_generated_files/spi.c"
 Parameters:    Size  Location     Type
  block           1    wreg     PTR void 
		 -> WriteToSerialEEPROM@buffer(67), ReadFromSerialEEPROM@buffer(64), 
  blockSize       2    1[COMMON] unsigned int 
 Auto vars:     Size  Location     Type
  block           1    5[COMMON] PTR void 
		 -> WriteToSerialEEPROM@buffer(67), ReadFromSerialEEPROM@buffer(64), 
  data            1    4[COMMON] PTR unsigned char 
		 -> WriteToSerialEEPROM@buffer(67), ReadFromSerialEEPROM@buffer(64), 
 Return value:  Size  Location     Type
                  1    wreg      void 
 Registers used:
		wreg, fsr1l, fsr1h, status,2, status,0, pclath, cstack
 Tracked objects:
		On entry : 
		On exit  : 
		Unchanged: 
 Data sizes:     COMMON   BANK0   BANK1   BANK2   BANK3   BANK4   BANK5   BANK6   BANK7   BANK8   BANK9  BANK10  BANK11  BANK12  BANK13  BANK14  BANK15  BANK16  BANK17  BANK18  BANK19  BANK20  BANK21  BANK22  BANK23  BANK24  BANK25
      Params:         2       0       0       0       0       0       0       0       0       0       0       0       0       0       0       0       0       0       0       0       0       0       0       0       0       0       0
      Locals:         2       0       0       0       0       0       0       0       0       0       0       0       0       0       0       0       0       0       0       0       0       0       0       0       0       0       0
      Temps:          1       0       0       0       0       0       0       0       0       0       0       0       0       0       0       0       0       0       0       0       0       0       0       0       0       0       0
      Totals:         5       0       0       0       0       0       0       0       0       0       0       0       0       0       0       0       0       0       0       0       0       0       0       0       0       0       0
Total ram usage:        5 bytes
 Hardware stack levels used:    1
 Hardware stack levels required when called:    1
 This function calls:
		_SPI_ExchangeByte
 This function is called by:
		_ReadFromSerialEEPROM
		_WriteToSerialEEPROM
 This function uses a non-reentrant model


 *************** function _SPI_ReadBlock *****************
 Defined at:
		line 122 in file "mcc_generated_files/spi.c"
 Parameters:    Size  Location     Type
  block           1    wreg     PTR void 
		 -> ReadFromSerialEEPROM@buffer(64), 
  blockSize       2    1[COMMON] unsigned int 
 Auto vars:     Size  Location     Type
  block           1    4[COMMON] PTR void 
		 -> ReadFromSerialEEPROM@buffer(64), 
  data            1    5[COMMON] PTR unsigned char 
		 -> ReadFromSerialEEPROM@buffer(64), 
 Return value:  Size  Location     Type
                  1    wreg      void 
 Registers used:
		wreg, fsr1l, fsr1h, status,2, status,0, pclath, cstack
 Tracked objects:
		On entry : 
		On exit  : 
		Unchanged: 
 Data sizes:     COMMON   BANK0   BANK1   BANK2   BANK3   BANK4   BANK5   BANK6   BANK7   BANK8   BANK9  BANK10  BANK11  BANK12  BANK13  BANK14  BANK15  BANK16  BANK17  BANK18  BANK19  BANK20  BANK21  BANK22  BANK23  BANK24  BANK25
      Params:         2       0       0       0       0       0       0       0       0       0       0       0       0       0       0       0       0       0       0       0       0       0       0       0       0       0       0
      Locals:         2       0       0       0       0       0       0       0       0       0       0       0       0       0       0       0       0       0       0       0       0       0       0       0       0       0       0
      Temps:          1       0       0       0       0       0       0       0       0       0       0       0       0       0       0       0       0       0       0       0       0       0       0       0       0       0       0
      Totals:         5       0       0       0       0       0       0       0       0       0       0       0       0       0       0       0       0       0       0       0       0       0       0       0       0       0       0
Total ram usage:        5 bytes
 Hardware stack levels used:    1
 Hardware stack levels required when called:    1
 This function calls:
		_SPI_ExchangeByte
 This function is called by:
		_ReadFromSerialEEPROM
 This function uses a non-reentrant model


 *************** function _SPI_ExchangeByte *****************
 Defined at:
		line 92 in file "mcc_generated_files/spi.c"
 Parameters:    Size  Location     Type
  data            1    wreg     unsigned char 
 Auto vars:     Size  Location     Type
  data            1    0[COMMON] unsigned char 
 Return value:  Size  Location     Type
                  1    wreg      unsigned char 
 Registers used:
		wreg
 Tracked objects:
		On entry : 
		On exit  : 
		Unchanged: 
 Data sizes:     COMMON   BANK0   BANK1   BANK2   BANK3   BANK4   BANK5   BANK6   BANK7   BANK8   BANK9  BANK10  BANK11  BANK12  BANK13  BANK14  BANK15  BANK16  BANK17  BANK18  BANK19  BANK20  BANK21  BANK22  BANK23  BANK24  BANK25
      Params:         0       0       0       0       0       0       0       0       0       0       0       0       0       0       0       0       0       0       0       0       0       0       0       0       0       0       0
      Locals:         1       0       0       0       0       0       0       0       0       0       0       0       0       0       0       0       0       0       0       0       0       0       0       0       0       0       0
      Temps:          0       0       0       0       0       0       0       0       0       0       0       0       0       0       0       0       0       0       0       0       0       0       0       0       0       0       0
      Totals:         1       0       0       0       0       0       0       0       0       0       0       0       0       0       0       0       0       0       0       0       0       0       0       0       0       0       0
Total ram usage:        1 bytes
 Hardware stack levels used:    1
 This function calls:
		Nothing
 This function is called by:
		_SPI_WriteBlock
		_SPI_ReadBlock
 This function uses a non-reentrant model


 *************** function _SPI_Open *****************
 Defined at:
		line 72 in file "mcc_generated_files/spi.c"
 Parameters:    Size  Location     Type
  spiUniqueCon    1    wreg     enum E353
 Auto vars:     Size  Location     Type
  spiUniqueCon    1    3[COMMON] enum E353
 Return value:  Size  Location     Type
                  1    wreg      _Bool 
 Registers used:
		wreg, fsr0l, fsr0h, status,2, status,0, pclath
 Tracked objects:
		On entry : 
		On exit  : 
		Unchanged: 
 Data sizes:     COMMON   BANK0   BANK1   BANK2   BANK3   BANK4   BANK5   BANK6   BANK7   BANK8   BANK9  BANK10  BANK11  BANK12  BANK13  BANK14  BANK15  BANK16  BANK17  BANK18  BANK19  BANK20  BANK21  BANK22  BANK23  BANK24  BANK25
      Params:         0       0       0       0       0       0       0       0       0       0       0       0       0       0       0       0       0       0       0       0       0       0       0       0       0       0       0
      Locals:         1       0       0       0       0       0       0       0       0       0       0       0       0       0       0       0       0       0       0       0       0       0       0       0       0       0       0
      Temps:          3       0       0       0       0       0       0       0       0       0       0       0       0       0       0       0       0       0       0       0       0       0       0       0       0       0       0
      Totals:         4       0       0       0       0       0       0       0       0       0       0       0       0       0       0       0       0       0       0       0       0       0       0       0       0       0       0
Total ram usage:        4 bytes
 Hardware stack levels used:    1
 This function calls:
		Nothing
 This function is called by:
		_ReadFromSerialEEPROM
		_WriteToSerialEEPROM
 This function uses a non-reentrant model


 *************** function _SPI_Close *****************
 Defined at:
		line 87 in file "mcc_generated_files/spi.c"
 Parameters:    Size  Location     Type
		None
 Auto vars:     Size  Location     Type
		None
 Return value:  Size  Location     Type
                  1    wreg      void 
 Registers used:
		None
 Tracked objects:
		On entry : 
		On exit  : 
		Unchanged: 
 Data sizes:     COMMON   BANK0   BANK1   BANK2   BANK3   BANK4   BANK5   BANK6   BANK7   BANK8   BANK9  BANK10  BANK11  BANK12  BANK13  BANK14  BANK15  BANK16  BANK17  BANK18  BANK19  BANK20  BANK21  BANK22  BANK23  BANK24  BANK25
      Params:         0       0       0       0       0       0       0       0       0       0       0       0       0       0       0       0       0       0       0       0       0       0       0       0       0       0       0
      Locals:         0       0       0       0       0       0       0       0       0       0       0       0       0       0       0       0       0       0       0       0       0       0       0       0       0       0       0
      Temps:          0       0       0       0       0       0       0       0       0       0       0       0       0       0       0       0       0       0       0       0       0       0       0       0       0       0       0
      Totals:         0       0       0       0       0       0       0       0       0       0       0       0       0       0       0       0       0       0       0       0       0       0       0       0       0       0       0
Total ram usage:        0 bytes
 Hardware stack levels used:    1
 This function calls:
		Nothing
 This function is called by:
		_ReadFromSerialEEPROM
		_WriteToSerialEEPROM
 This function uses a non-reentrant model


 *************** function _ClearArray *****************
 Defined at:
		line 11 in file "apps/src/bootloader.c"
 Parameters:    Size  Location     Type
  array           2    0[COMMON] PTR unsigned char 
		 -> ExtUpgrade@data_to_flash(68), main@send_frame(66), main@recv_frame(68), 
  len             1    2[COMMON] unsigned char 
 Auto vars:     Size  Location     Type
  i               1    5[COMMON] unsigned char 
 Return value:  Size  Location     Type
                  1    wreg      void 
 Registers used:
		wreg, fsr1l, fsr1h, status,2, status,0
 Tracked objects:
		On entry : 
		On exit  : 
		Unchanged: 
 Data sizes:     COMMON   BANK0   BANK1   BANK2   BANK3   BANK4   BANK5   BANK6   BANK7   BANK8   BANK9  BANK10  BANK11  BANK12  BANK13  BANK14  BANK15  BANK16  BANK17  BANK18  BANK19  BANK20  BANK21  BANK22  BANK23  BANK24  BANK25
      Params:         3       0       0       0       0       0       0       0       0       0       0       0       0       0       0       0       0       0       0       0       0       0       0       0       0       0       0
      Locals:         1       0       0       0       0       0       0       0       0       0       0       0       0       0       0       0       0       0       0       0       0       0       0       0       0       0       0
      Temps:          2       0       0       0       0       0       0       0       0       0       0       0       0       0       0       0       0       0       0       0       0       0       0       0       0       0       0
      Totals:         6       0       0       0       0       0       0       0       0       0       0       0       0       0       0       0       0       0       0       0       0       0       0       0       0       0       0
Total ram usage:        6 bytes
 Hardware stack levels used:    1
 This function calls:
		Nothing
 This function is called by:
		_main
		_ExtUpgrade
 This function uses a non-reentrant model


 *************** function _DefineError *****************
 Defined at:
		line 16 in file "apps/src/bootloader.c"
 Parameters:    Size  Location     Type
  send_frame      1    wreg     PTR unsigned char 
		 -> main@send_frame(66), 
 Auto vars:     Size  Location     Type
  send_frame      1    1[COMMON] PTR unsigned char 
		 -> main@send_frame(66), 
 Return value:  Size  Location     Type
                  1    wreg      _Bool 
 Registers used:
		wreg, fsr1l, fsr1h
 Tracked objects:
		On entry : 
		On exit  : 
		Unchanged: 
 Data sizes:     COMMON   BANK0   BANK1   BANK2   BANK3   BANK4   BANK5   BANK6   BANK7   BANK8   BANK9  BANK10  BANK11  BANK12  BANK13  BANK14  BANK15  BANK16  BANK17  BANK18  BANK19  BANK20  BANK21  BANK22  BANK23  BANK24  BANK25
      Params:         0       0       0       0       0       0       0       0       0       0       0       0       0       0       0       0       0       0       0       0       0       0       0       0       0       0       0
      Locals:         1       0       0       0       0       0       0       0       0       0       0       0       0       0       0       0       0       0       0       0       0       0       0       0       0       0       0
      Temps:          1       0       0       0       0       0       0       0       0       0       0       0       0       0       0       0       0       0       0       0       0       0       0       0       0       0       0
      Totals:         2       0       0       0       0       0       0       0       0       0       0       0       0       0       0       0       0       0       0       0       0       0       0       0       0       0       0
Total ram usage:        2 bytes
 Hardware stack levels used:    1
 This function calls:
		Nothing
 This function is called by:
		_main
 This function uses a non-reentrant model



MODULE INFORMATION

Module		Function		Class		Link	Load	Size
apps/src/bootloader.c
		_ClearArray    		CODE           	0174	0000	25
		_ReadFromMem   		CODE           	04CD	0000	157
		_DefineError   		CODE           	0161	0000	20
		_WriteToMem    		CODE           	0206	0000	37
		_StartApp      		CODE           	00D7	0000	5
		_KeyBLRequired 		CODE           	00FE	0000	10
		_ExtUpgrade    		CODE           	0444	0000	138

apps/src/bootloader.c estimated size: 392

mcc_generated_files/pin_manager.c
		_PIN_MANAGER_Initialize		CODE           	0285	0000	62

mcc_generated_files/pin_manager.c estimated size: 62

apps/src/memory.c
		_ReadBootloaderFlags		CODE           	03D8	0000	109
		_FLASH_Write   		CODE           	0569	0000	173
		_UnlockFlashWrite		CODE           	0107	0000	10
		_FLASH_Read    		CODE           	022A	0000	42
		_WriteBootloaderFlags		CODE           	0372	0000	103

apps/src/memory.c estimated size: 437

mcc_generated_files/spi.c
		_SPI_Close     		CODE           	00CC	0000	4
		_SPI_ExchangeByte		CODE           	0126	0000	14
		_SPI_Open      		CODE           	02C2	0000	80
		_SPI_WriteBlock		CODE           	01A4	0000	31
		_SPI_ReadBlock 		CODE           	01C2	0000	34
		_SPI_Initialize		CODE           	011A	0000	13

mcc_generated_files/spi.c estimated size: 176

shared
		__initialization		CODE           	07F3	0000	11
		_spi_configuration		STRCODE        	0800	0000	5

shared estimated size: 16

mcc_generated_files/mcc.c
		_WDT_Initialize		CODE           	00D3	0000	5
		_OSCILLATOR_Initialize		CODE           	00F6	0000	9
		_SYSTEM_Initialize		CODE           	0151	0000	17

mcc_generated_files/mcc.c estimated size: 31

apps/src/eeprom_25lc512.c
		_WriteToSerialEEPROM		CODE           	0615	0000	181
		_ReadFromSerialEEPROM		CODE           	0311	0000	98

apps/src/eeprom_25lc512.c estimated size: 279

apps/src/serial.c
		_UART_byteRead 		CODE           	00DB	0000	5
		_UART_dataWrite		CODE           	0253	0000	51
		_UART_preamFound		CODE           	018C	0000	25

apps/src/serial.c estimated size: 81

mcc_generated_files/eusart.c
		_EUSART_Read   		CODE           	0142	0000	16
		_EUSART_Write  		CODE           	0110	0000	11
		_EUSART_is_tx_done		CODE           	00CF	0000	5
		_EUSART_Initialize		CODE           	01E3	0000	36
		_EUSART_SetFramingErrorHandler		CODE           	00EA	0000	7
		_EUSART_SetErrorHandler		CODE           	00E4	0000	7
		_EUSART_SetOverrunErrorHandler		CODE           	00F0	0000	7
		_EUSART_is_rx_ready		CODE           	00DF	0000	6
		_EUSART_is_tx_ready		CODE           	0133	0000	16

mcc_generated_files/eusart.c estimated size: 111

main.c
		_main          		CODE           	06C9	0000	299

main.c estimated size: 299

